Component: ARM Compiler 5.06 update 7 (build 960) Tool: armlink [4d3601]

==============================================================================

Section Cross References

    main.o(i.main) refers to led.o(i.LED_Config) for LED_Config
    main.o(i.main) refers to led.o(i.Buzz_Config) for Buzz_Config
    main.o(i.main) refers to delay.o(i.delay_init) for delay_init
    main.o(i.main) refers to delay.o(i.delay_ms) for delay_ms
    main.o(i.main) refers to sdcard.o(i.SD_Init) for SD_Init
    main.o(i.main) refers to ff.o(i.f_mount) for f_mount
    main.o(i.main) refers to ff.o(i.f_open) for f_open
    main.o(i.main) refers to ff.o(i.f_lseek) for f_lseek
    main.o(i.main) refers to printfb.o(i.__0sprintf$bare) for __2sprintf
    main.o(i.main) refers to strlen.o(.text) for strlen
    main.o(i.main) refers to ff.o(i.f_write) for f_write
    main.o(i.main) refers to ff.o(i.f_sync) for f_sync
    main.o(i.main) refers to ff.o(i.f_close) for f_close
    main.o(i.main) refers to main.o(.bss) for sdfs
    main.o(i.main) refers to main.o(.data) for fr
    main.o(i.main) refers to main.o(.conststring) for .conststring
    diskio.o(i.disk_initialize) refers to sdcard.o(i.SD_Init) for SD_Init
    diskio.o(i.disk_initialize) refers to sdcard.o(i.SD_GetCardInfo) for SD_GetCardInfo
    diskio.o(i.disk_initialize) refers to spi.o(i.SPI2_SD_SpeedLow) for SPI2_SD_SpeedLow
    diskio.o(i.disk_initialize) refers to spi.o(i.SPI_SDCard_SendByte) for SPI_SDCard_SendByte
    diskio.o(i.disk_initialize) refers to spi.o(i.SPI2_SD_SpeedHigh) for SPI2_SD_SpeedHigh
    diskio.o(i.disk_initialize) refers to sdcard.o(.bss) for SDCardInfo
    diskio.o(i.disk_ioctl) refers to sdcard.o(.bss) for SDCardInfo
    diskio.o(i.disk_read) refers to sdcard.o(i.SD_ReadBlock) for SD_ReadBlock
    diskio.o(i.disk_read) refers to sdcard.o(i.SD_ReadMultiBlocks) for SD_ReadMultiBlocks
    diskio.o(i.disk_write) refers to sdcard.o(i.SD_WriteBlock) for SD_WriteBlock
    diskio.o(i.disk_write) refers to sdcard.o(i.SD_WriteMultiBlocks) for SD_WriteMultiBlocks
    ff.o(i.check_fs) refers to ff.o(i.move_window) for move_window
    ff.o(i.check_fs) refers to ff.o(i.ld_word) for ld_word
    ff.o(i.check_fs) refers to ff.o(i.mem_cmp) for mem_cmp
    ff.o(i.chk_lock) refers to ff.o(.bss) for Files
    ff.o(i.clear_lock) refers to ff.o(.bss) for Files
    ff.o(i.cmp_lfn) refers to ff.o(i.ld_word) for ld_word
    ff.o(i.cmp_lfn) refers to ffunicode.o(i.ff_wtoupper) for ff_wtoupper
    ff.o(i.cmp_lfn) refers to ff.o(.constdata) for LfnOfs
    ff.o(i.create_chain) refers to ff.o(i.get_fat) for get_fat
    ff.o(i.create_chain) refers to ff.o(i.put_fat) for put_fat
    ff.o(i.create_name) refers to ff.o(i.tchar2uni) for tchar2uni
    ff.o(i.create_name) refers to ff.o(i.chk_chr) for chk_chr
    ff.o(i.create_name) refers to ff.o(i.mem_set) for mem_set
    ff.o(i.create_name) refers to ffunicode.o(i.ff_uni2oem) for ff_uni2oem
    ff.o(i.create_name) refers to ff.o(.constdata) for ExCvt
    ff.o(i.create_partition) refers to diskio.o(i.disk_ioctl) for disk_ioctl
    ff.o(i.create_partition) refers to ff.o(i.mem_set) for mem_set
    ff.o(i.create_partition) refers to ff.o(i.st_dword) for st_dword
    ff.o(i.create_partition) refers to ff.o(i.st_word) for st_word
    ff.o(i.create_partition) refers to diskio.o(i.disk_write) for disk_write
    ff.o(i.dec_lock) refers to ff.o(.bss) for Files
    ff.o(i.dir_alloc) refers to ff.o(i.dir_sdi) for dir_sdi
    ff.o(i.dir_alloc) refers to ff.o(i.move_window) for move_window
    ff.o(i.dir_alloc) refers to ff.o(i.dir_next) for dir_next
    ff.o(i.dir_clear) refers to ff.o(i.sync_window) for sync_window
    ff.o(i.dir_clear) refers to ff.o(i.clst2sect) for clst2sect
    ff.o(i.dir_clear) refers to ff.o(i.mem_set) for mem_set
    ff.o(i.dir_clear) refers to ffsystem.o(i.ff_memalloc) for ff_memalloc
    ff.o(i.dir_clear) refers to diskio.o(i.disk_write) for disk_write
    ff.o(i.dir_clear) refers to ffsystem.o(i.ff_memfree) for ff_memfree
    ff.o(i.dir_find) refers to ff.o(i.dir_sdi) for dir_sdi
    ff.o(i.dir_find) refers to ff.o(i.move_window) for move_window
    ff.o(i.dir_find) refers to ff.o(i.cmp_lfn) for cmp_lfn
    ff.o(i.dir_find) refers to ff.o(i.sum_sfn) for sum_sfn
    ff.o(i.dir_find) refers to ff.o(i.mem_cmp) for mem_cmp
    ff.o(i.dir_find) refers to ff.o(i.dir_next) for dir_next
    ff.o(i.dir_next) refers to ff.o(i.get_fat) for get_fat
    ff.o(i.dir_next) refers to ff.o(i.create_chain) for create_chain
    ff.o(i.dir_next) refers to ff.o(i.dir_clear) for dir_clear
    ff.o(i.dir_next) refers to ff.o(i.clst2sect) for clst2sect
    ff.o(i.dir_read) refers to ff.o(i.move_window) for move_window
    ff.o(i.dir_read) refers to ff.o(i.pick_lfn) for pick_lfn
    ff.o(i.dir_read) refers to ff.o(i.sum_sfn) for sum_sfn
    ff.o(i.dir_read) refers to ff.o(i.dir_next) for dir_next
    ff.o(i.dir_register) refers to ff.o(i.mem_cpy) for mem_cpy
    ff.o(i.dir_register) refers to ff.o(i.gen_numname) for gen_numname
[...]
    printf8.o(i._printf_core) refers to printf8.o(i._printf_post_padding) for _printf_post_padding
    printfa.o(i.__0fprintf) refers (Special) to iusefp.o(.text) for __I$use$fp
    printfa.o(i.__0fprintf) refers to printfa.o(i._printf_core) for _printf_core
    printfa.o(i.__0fprintf) refers to fputc.o(i.fputc) for fputc
    printfa.o(i.__0printf) refers (Special) to iusefp.o(.text) for __I$use$fp
    printfa.o(i.__0printf) refers to printfa.o(i._printf_core) for _printf_core
    printfa.o(i.__0printf) refers to fputc.o(i.fputc) for fputc
    printfa.o(i.__0printf) refers to stdout.o(.data) for __stdout
    printfa.o(i.__0snprintf) refers (Special) to iusefp.o(.text) for __I$use$fp
    printfa.o(i.__0snprintf) refers to printfa.o(i._printf_core) for _printf_core
    printfa.o(i.__0snprintf) refers to printfa.o(i._snputc) for _snputc
    printfa.o(i.__0sprintf) refers (Special) to iusefp.o(.text) for __I$use$fp
    printfa.o(i.__0sprintf) refers to printfa.o(i._printf_core) for _printf_core
    printfa.o(i.__0sprintf) refers to printfa.o(i._sputc) for _sputc
    printfa.o(i.__0vfprintf) refers (Special) to iusefp.o(.text) for __I$use$fp
    printfa.o(i.__0vfprintf) refers to printfa.o(i._printf_core) for _printf_core
    printfa.o(i.__0vfprintf) refers to fputc.o(i.fputc) for fputc
    printfa.o(i.__0vprintf) refers (Special) to iusefp.o(.text) for __I$use$fp
    printfa.o(i.__0vprintf) refers to printfa.o(i._printf_core) for _printf_core
    printfa.o(i.__0vprintf) refers to fputc.o(i.fputc) for fputc
    printfa.o(i.__0vprintf) refers to stdout.o(.data) for __stdout
    printfa.o(i.__0vsnprintf) refers (Special) to iusefp.o(.text) for __I$use$fp
    printfa.o(i.__0vsnprintf) refers to printfa.o(i._printf_core) for _printf_core
    printfa.o(i.__0vsnprintf) refers to printfa.o(i._snputc) for _snputc
    printfa.o(i.__0vsprintf) refers (Special) to iusefp.o(.text) for __I$use$fp
    printfa.o(i.__0vsprintf) refers to printfa.o(i._printf_core) for _printf_core
    printfa.o(i.__0vsprintf) refers to printfa.o(i._sputc) for _sputc
    printfa.o(i._fp_digits) refers (Special) to iusefp.o(.text) for __I$use$fp
    printfa.o(i._fp_digits) refers to dmul.o(.text) for __aeabi_dmul
    printfa.o(i._fp_digits) refers to ddiv.o(.text) for __aeabi_ddiv
    printfa.o(i._fp_digits) refers to cdrcmple.o(.text) for __aeabi_cdrcmple
    printfa.o(i._fp_digits) refers to dadd.o(.text) for __aeabi_dadd
    printfa.o(i._fp_digits) refers to dfixul.o(.text) for __aeabi_d2ulz
    printfa.o(i._fp_digits) refers to uldiv.o(.text) for __aeabi_uldivmod
    printfa.o(i._printf_core) refers (Special) to iusefp.o(.text) for __I$use$fp
    printfa.o(i._printf_core) refers to printfa.o(i._printf_pre_padding) for _printf_pre_padding
    printfa.o(i._printf_core) refers to uldiv.o(.text) for __aeabi_uldivmod
    printfa.o(i._printf_core) refers to printfa.o(i._printf_post_padding) for _printf_post_padding
    printfa.o(i._printf_core) refers to printfa.o(i._fp_digits) for _fp_digits
    printfa.o(i._printf_core) refers to uidiv.o(.text) for __aeabi_uidivmod
    printfa.o(i._printf_post_padding) refers (Special) to iusefp.o(.text) for __I$use$fp
    printfa.o(i._printf_pre_padding) refers (Special) to iusefp.o(.text) for __I$use$fp
    printfa.o(i._snputc) refers (Special) to iusefp.o(.text) for __I$use$fp
    printfa.o(i._sputc) refers (Special) to iusefp.o(.text) for __I$use$fp
    malloc.o(i.free) refers to mvars.o(.data) for __microlib_freelist
    malloc.o(i.malloc) refers to mvars.o(.data) for __microlib_freelist_initialised
    malloc.o(i.malloc) refers to mvars.o(.data) for __microlib_freelist
    malloc.o(i.malloc) refers to startup_stm32f40_41xxx.o(HEAP) for __heap_base
    mallocr.o(i.__free$realloc) refers to mvars.o(.data) for __microlib_freelist
    mallocr.o(i.__malloc$realloc) refers to mallocr.o(i.internal_alloc) for internal_alloc
    mallocr.o(i.__malloc$realloc) refers to mvars.o(.data) for __microlib_freelist_initialised
    mallocr.o(i.__malloc$realloc) refers to startup_stm32f40_41xxx.o(HEAP) for __heap_base
    mallocr.o(i.__malloc$realloc) refers to mvars.o(.data) for __microlib_freelist
    mallocr.o(i.internal_alloc) refers to memcpya.o(.text) for __aeabi_memcpy
    mallocr.o(i.internal_alloc) refers to mvars.o(.data) for __microlib_freelist
    mallocr.o(i.realloc) refers to mallocr.o(i.__free$realloc) for __free$realloc
    mallocr.o(i.realloc) refers to mallocr.o(i.internal_alloc) for internal_alloc
    mallocr.o(i.realloc) refers to mallocr.o(i.__malloc$realloc) for __malloc$realloc
    mallocr.o(i.realloc) refers to mvars.o(.data) for __microlib_freelist
    malloca.o(i.__aligned_malloc) refers to mvars.o(.data) for __microlib_freelist_initialised
    malloca.o(i.__aligned_malloc) refers to mvars.o(.data) for __microlib_freelist
    malloca.o(i.__aligned_malloc) refers to startup_stm32f40_41xxx.o(HEAP) for __heap_base
    malloca.o(i.__free$memalign) refers to mvars.o(.data) for __microlib_freelist
    malloca.o(i.__malloc$memalign) refers to malloca.o(i.__aligned_malloc) for __aligned_malloc
    mallocra.o(i.__aligned_malloc$realloc) refers to mallocra.o(i.internal_alloc) for internal_alloc
    mallocra.o(i.__aligned_malloc$realloc) refers to mvars.o(.data) for __microlib_freelist_initialised
    mallocra.o(i.__aligned_malloc$realloc) refers to startup_stm32f40_41xxx.o(HEAP) for __heap_base
    mallocra.o(i.__aligned_malloc$realloc) refers to mvars.o(.data) for __microlib_freelist
    mallocra.o(i.__free$realloc$memalign) refers to mvars.o(.data) for __microlib_freelist
    mallocra.o(i.__malloc$realloc$memalign) refers to mallocra.o(i.__aligned_malloc$realloc) for __aligned_malloc$realloc
    mallocra.o(i.__realloc$memalign) refers to mallocra.o(i.__free$realloc$memalign) for __free$realloc$memalign
    mallocra.o(i.__realloc$memalign) refers to mallocra.o(i.internal_alloc) for internal_alloc
    mallocra.o(i.__realloc$memalign) refers to mallocra.o(i.__malloc$realloc$memalign) for __malloc$realloc$memalign
    mallocra.o(i.__realloc$memalign) refers to mvars.o(.data) for __microlib_freelist
    mallocra.o(i.internal_alloc) refers to memcpya.o(.text) for __aeabi_memcpy
    mallocra.o(i.internal_alloc) refers to mvars.o(.data) for __microlib_freelist
    entry2.o(.ARM.Collect$$$$00000001) refers to entry2.o(.ARM.Collect$$$$00002712) for __lit__00000000
    entry2.o(.ARM.Collect$$$$00002712) refers to startup_stm32f40_41xxx.o(STACK) for __initial_sp
    entry2.o(__vectab_stack_and_reset_area) refers to startup_stm32f40_41xxx.o(STACK) for __initial_sp
    entry2.o(__vectab_stack_and_reset_area) refers to entry.o(.ARM.Collect$$$$00000000) for __main
    entry5.o(.ARM.Collect$$$$00000004) refers to init.o(.text) for __scatterload
    entry9a.o(.ARM.Collect$$$$0000000B) refers to main.o(i.main) for main
    entry9b.o(.ARM.Collect$$$$0000000C) refers to main.o(i.main) for main
    fputc.o(i.fputc) refers (Special) to iusesemip.o(.text) for __I$use$semihosting$fputc
    fputc.o(i.fputc) refers (Special) to semi.o(.text) for __semihosting_library_function
    uldiv.o(.text) refers to llushr.o(.text) for __aeabi_llsr
    uldiv.o(.text) refers to llshl.o(.text) for __aeabi_llsl
    dadd.o(.text) refers to llshl.o(.text) for __aeabi_llsl
    dadd.o(.text) refers to llsshr.o(.text) for __aeabi_lasr
    dadd.o(.text) refers to depilogue.o(.text) for _double_epilogue
    dmul.o(.text) refers to depilogue.o(.text) for _double_epilogue
    ddiv.o(.text) refers to depilogue.o(.text) for _double_round
    dfixul.o(.text) refers to llushr.o(.text) for __aeabi_llsr
    dfixul.o(.text) refers to llshl.o(.text) for __aeabi_llsl
    init.o(.text) refers to entry5.o(.ARM.Collect$$$$00000004) for __main_after_scatterload
    depilogue.o(.text) refers to llshl.o(.text) for __aeabi_llsl
    depilogue.o(.text) refers to llushr.o(.text) for __aeabi_llsr


==============================================================================

Removing Unused input sections from the image.

    Removing main.o(.rev16_text), (4 bytes).
    Removing main.o(.revsh_text), (4 bytes).
    Removing main.o(.rrx_text), (6 bytes).
    Removing stm32f4xx_it.o(.rev16_text), (4 bytes).
    Removing stm32f4xx_it.o(.revsh_text), (4 bytes).
    Removing stm32f4xx_it.o(.rrx_text), (6 bytes).
    Removing diskio.o(.rev16_text), (4 bytes).
    Removing diskio.o(.revsh_text), (4 bytes).
    Removing diskio.o(.rrx_text), (6 bytes).
    Removing ff.o(i.create_partition), (348 bytes).
    Removing ff.o(i.dir_read), (210 bytes).
    Removing ff.o(i.dir_remove), (96 bytes).
    Removing ff.o(i.f_chmod), (120 bytes).
    Removing ff.o(i.f_closedir), (38 bytes).
    Removing ff.o(i.f_findfirst), (42 bytes).
    Removing ff.o(i.f_findnext), (54 bytes).
    Removing ff.o(i.f_getfree), (246 bytes).
    Removing ff.o(i.f_getlabel), (188 bytes).
    Removing ff.o(i.f_gets), (84 bytes).
    Removing ff.o(i.f_mkdir), (292 bytes).
    Removing ff.o(i.f_mkfs), (1876 bytes).
    Removing ff.o(i.f_opendir), (166 bytes).
    Removing ff.o(i.f_printf), (618 bytes).
    Removing ff.o(i.f_putc), (34 bytes).
    Removing ff.o(i.f_puts), (44 bytes).
    Removing ff.o(i.f_read), (428 bytes).
    Removing ff.o(i.f_readdir), (104 bytes).
    Removing ff.o(i.f_rename), (326 bytes).
    Removing ff.o(i.f_setlabel), (308 bytes).
    Removing ff.o(i.f_stat), (88 bytes).
    Removing ff.o(i.f_truncate), (178 bytes).
    Removing ff.o(i.f_unlink), (208 bytes).
    Removing ff.o(i.f_utime), (116 bytes).
    Removing ff.o(i.get_achar), (40 bytes).
    Removing ff.o(i.get_fileinfo), (376 bytes).
    Removing ff.o(i.pattern_matching), (196 bytes).
    Removing ff.o(i.pick_lfn), (140 bytes).
    Removing ff.o(i.put_utf), (66 bytes).
    Removing ff.o(i.putc_bfd), (78 bytes).
    Removing ff.o(i.putc_flush), (44 bytes).
    Removing ff.o(i.putc_init), (20 bytes).
    Removing delay.o(.rev16_text), (4 bytes).
    Removing delay.o(.revsh_text), (4 bytes).
    Removing delay.o(.rrx_text), (6 bytes).
    Removing delay.o(i.delay_us), (76 bytes).
    Removing sys.o(.rev16_text), (4 bytes).
    Removing sys.o(.revsh_text), (4 bytes).
    Removing sys.o(.rrx_text), (6 bytes).
    Removing sys.o(.emb_text), (16 bytes).
    Removing led.o(.rev16_text), (4 bytes).
    Removing led.o(.revsh_text), (4 bytes).
    Removing led.o(.rrx_text), (6 bytes).
    Removing spi.o(.rev16_text), (4 bytes).
    Removing spi.o(.revsh_text), (4 bytes).
    Removing spi.o(.rrx_text), (6 bytes).
    Removing spi.o(.data), (2 bytes).
    Removing sdcard.o(.rev16_text), (4 bytes).
    Removing sdcard.o(.revsh_text), (4 bytes).
    Removing sdcard.o(.rrx_text), (6 bytes).
    Removing sdcard.o(i.SD_GetStatus), (60 bytes).
    Removing misc.o(.rev16_text), (4 bytes).
    Removing misc.o(.revsh_text), (4 bytes).
    Removing misc.o(.rrx_text), (6 bytes).
    Removing misc.o(i.NVIC_Init), (120 bytes).
    Removing misc.o(i.NVIC_PriorityGroupConfig), (20 bytes).
    Removing misc.o(i.NVIC_SetVectorTable), (20 bytes).
    Removing misc.o(i.NVIC_SystemLPConfig), (32 bytes).
    Removing stm32f4xx_dma.o(.rev16_text), (4 bytes).
    Removing stm32f4xx_dma.o(.revsh_text), (4 bytes).
    Removing stm32f4xx_dma.o(.rrx_text), (6 bytes).
    Removing stm32f4xx_dma.o(i.DMA_ClearITPendingBit), (52 bytes).
    Removing stm32f4xx_dma.o(i.DMA_DoubleBufferModeCmd), (22 bytes).
    Removing stm32f4xx_dma.o(i.DMA_DoubleBufferModeConfig), (24 bytes).
    Removing stm32f4xx_dma.o(i.DMA_FlowControllerConfig), (22 bytes).
    Removing stm32f4xx_dma.o(i.DMA_GetCurrDataCounter), (8 bytes).
    Removing stm32f4xx_dma.o(i.DMA_GetCurrentMemoryTarget), (20 bytes).
    Removing stm32f4xx_dma.o(i.DMA_GetFIFOStatus), (12 bytes).
    Removing stm32f4xx_dma.o(i.DMA_GetITStatus), (100 bytes).
    Removing stm32f4xx_dma.o(i.DMA_ITConfig), (58 bytes).
    Removing stm32f4xx_dma.o(i.DMA_MemoryTargetConfig), (10 bytes).
    Removing stm32f4xx_dma.o(i.DMA_PeriphIncOffsetSizeConfig), (22 bytes).
    Removing stm32f4xx_dma.o(i.DMA_SetCurrDataCounter), (4 bytes).
    Removing stm32f4xx_dma.o(i.DMA_StructInit), (34 bytes).
    Removing stm32f4xx_gpio.o(.rev16_text), (4 bytes).
    Removing stm32f4xx_gpio.o(.revsh_text), (4 bytes).
    Removing stm32f4xx_gpio.o(.rrx_text), (6 bytes).
    Removing stm32f4xx_gpio.o(i.GPIO_DeInit), (312 bytes).
    Removing stm32f4xx_gpio.o(i.GPIO_PinLockConfig), (34 bytes).
    Removing stm32f4xx_gpio.o(i.GPIO_ReadInputData), (8 bytes).
    Removing stm32f4xx_gpio.o(i.GPIO_ReadInputDataBit), (18 bytes).
    Removing stm32f4xx_gpio.o(i.GPIO_ReadOutputData), (8 bytes).
    Removing stm32f4xx_gpio.o(i.GPIO_ReadOutputDataBit), (18 bytes).
    Removing stm32f4xx_gpio.o(i.GPIO_StructInit), (18 bytes).
    Removing stm32f4xx_gpio.o(i.GPIO_ToggleBits), (8 bytes).
    Removing stm32f4xx_gpio.o(i.GPIO_Write), (4 bytes).
    Removing stm32f4xx_gpio.o(i.GPIO_WriteBit), (10 bytes).
    Removing stm32f4xx_rcc.o(.rev16_text), (4 bytes).
    Removing stm32f4xx_rcc.o(.revsh_text), (4 bytes).
    Removing stm32f4xx_rcc.o(.rrx_text), (6 bytes).
    Removing stm32f4xx_rcc.o(i.RCC_AHB1PeriphClockLPModeCmd), (32 bytes).
    Removing stm32f4xx_rcc.o(i.RCC_AHB1PeriphResetCmd), (32 bytes).
    Removing stm32f4xx_rcc.o(i.RCC_AHB2PeriphClockCmd), (32 bytes).
    Removing stm32f4xx_rcc.o(i.RCC_AHB2PeriphClockLPModeCmd), (32 bytes).
    Removing stm32f4xx_rcc.o(i.RCC_AHB2PeriphResetCmd), (32 bytes).
    Removing stm32f4xx_rcc.o(i.RCC_AHB3PeriphClockCmd), (32 bytes).
    Removing stm32f4xx_rcc.o(i.RCC_AHB3PeriphClockLPModeCmd), (32 bytes).
    Removing stm32f4xx_rcc.o(i.RCC_AHB3PeriphResetCmd), (32 bytes).
    Removing stm32f4xx_rcc.o(i.RCC_APB1PeriphClockLPModeCmd), (32 bytes).
    Removing stm32f4xx_rcc.o(i.RCC_APB1PeriphResetCmd), (32 bytes).
    Removing stm32f4xx_rcc.o(i.RCC_APB2PeriphClockCmd), (32 bytes).
    Removing stm32f4xx_rcc.o(i.RCC_APB2PeriphClockLPModeCmd), (32 bytes).
    Removing stm32f4xx_rcc.o(i.RCC_APB2PeriphResetCmd), (32 bytes).
    Removing stm32f4xx_rcc.o(i.RCC_AdjustHSICalibrationValue), (24 bytes).
    Removing stm32f4xx_rcc.o(i.RCC_BackupResetCmd), (12 bytes).
    Removing stm32f4xx_rcc.o(i.RCC_ClearFlag), (20 bytes).
    Removing stm32f4xx_rcc.o(i.RCC_ClearITPendingBit), (12 bytes).
    Removing stm32f4xx_rcc.o(i.RCC_ClockSecuritySystemCmd), (12 bytes).
    Removing stm32f4xx_rcc.o(i.RCC_DeInit), (100 bytes).
    Removing stm32f4xx_rcc.o(i.RCC_GetClocksFreq), (232 bytes).
    Removing stm32f4xx_rcc.o(i.RCC_GetFlagStatus), (64 bytes).
    Removing stm32f4xx_rcc.o(i.RCC_GetITStatus), (24 bytes).
    Removing stm32f4xx_rcc.o(i.RCC_GetSYSCLKSource), (16 bytes).
    Removing stm32f4xx_rcc.o(i.RCC_HCLKConfig), (24 bytes).
    Removing stm32f4xx_rcc.o(i.RCC_HSEConfig), (16 bytes).
    Removing stm32f4xx_rcc.o(i.RCC_HSICmd), (12 bytes).
    Removing stm32f4xx_rcc.o(i.RCC_I2SCLKConfig), (12 bytes).
    Removing stm32f4xx_rcc.o(i.RCC_ITConfig), (32 bytes).
    Removing stm32f4xx_rcc.o(i.RCC_LSEConfig), (44 bytes).
    Removing stm32f4xx_rcc.o(i.RCC_LSEModeConfig), (36 bytes).
    Removing stm32f4xx_rcc.o(i.RCC_LSICmd), (12 bytes).
    Removing stm32f4xx_rcc.o(i.RCC_LTDCCLKDivConfig), (24 bytes).
    Removing stm32f4xx_rcc.o(i.RCC_MCO1Config), (28 bytes).
    Removing stm32f4xx_rcc.o(i.RCC_MCO2Config), (28 bytes).
    Removing stm32f4xx_rcc.o(i.RCC_PCLK1Config), (24 bytes).
    Removing stm32f4xx_rcc.o(i.RCC_PCLK2Config), (24 bytes).
    Removing stm32f4xx_rcc.o(i.RCC_PLLCmd), (12 bytes).
    Removing stm32f4xx_rcc.o(i.RCC_PLLConfig), (36 bytes).
    Removing stm32f4xx_rcc.o(i.RCC_PLLI2SCmd), (12 bytes).
    Removing stm32f4xx_rcc.o(i.RCC_PLLI2SConfig), (16 bytes).
    Removing stm32f4xx_rcc.o(i.RCC_PLLSAICmd), (12 bytes).
    Removing stm32f4xx_rcc.o(i.RCC_PLLSAIConfig), (24 bytes).
    Removing stm32f4xx_rcc.o(i.RCC_RTCCLKCmd), (12 bytes).
    Removing stm32f4xx_rcc.o(i.RCC_RTCCLKConfig), (60 bytes).
    Removing stm32f4xx_rcc.o(i.RCC_SAIBlockACLKConfig), (24 bytes).
    Removing stm32f4xx_rcc.o(i.RCC_SAIBlockBCLKConfig), (24 bytes).
    Removing stm32f4xx_rcc.o(i.RCC_SAIPLLI2SClkDivConfig), (28 bytes).
    Removing stm32f4xx_rcc.o(i.RCC_SAIPLLSAIClkDivConfig), (28 bytes).
    Removing stm32f4xx_rcc.o(i.RCC_SYSCLKConfig), (24 bytes).
    Removing stm32f4xx_rcc.o(i.RCC_TIMCLKPresConfig), (12 bytes).
    Removing stm32f4xx_rcc.o(i.RCC_WaitForHSEStartUp), (56 bytes).
    Removing stm32f4xx_rcc.o(.data), (16 bytes).
    Removing stm32f4xx_spi.o(.rev16_text), (4 bytes).
    Removing stm32f4xx_spi.o(.revsh_text), (4 bytes).
    Removing stm32f4xx_spi.o(.rrx_text), (6 bytes).
    Removing stm32f4xx_spi.o(i.I2S_Cmd), (24 bytes).
    Removing stm32f4xx_spi.o(i.I2S_FullDuplexConfig), (80 bytes).
    Removing stm32f4xx_spi.o(i.I2S_Init), (408 bytes).
    Removing stm32f4xx_spi.o(i.I2S_StructInit), (20 bytes).
    Removing stm32f4xx_spi.o(i.SPI_BiDirectionalLineConfig), (28 bytes).
    Removing stm32f4xx_spi.o(i.SPI_CalculateCRC), (24 bytes).
    Removing stm32f4xx_spi.o(i.SPI_DataSizeConfig), (18 bytes).
    Removing stm32f4xx_spi.o(i.SPI_GetCRC), (16 bytes).
    Removing stm32f4xx_spi.o(i.SPI_GetCRCPolynomial), (6 bytes).
    Removing stm32f4xx_spi.o(i.SPI_I2S_ClearFlag), (6 bytes).
    Removing stm32f4xx_spi.o(i.SPI_I2S_ClearITPendingBit), (20 bytes).
    Removing stm32f4xx_spi.o(i.SPI_I2S_DeInit), (176 bytes).
    Removing stm32f4xx_spi.o(i.SPI_I2S_GetFlagStatus), (18 bytes).
    Removing stm32f4xx_spi.o(i.SPI_I2S_GetITStatus), (52 bytes).
    Removing stm32f4xx_spi.o(i.SPI_I2S_ITConfig), (32 bytes).
    Removing stm32f4xx_spi.o(i.SPI_I2S_ReceiveData), (6 bytes).
    Removing stm32f4xx_spi.o(i.SPI_I2S_SendData), (4 bytes).
    Removing stm32f4xx_spi.o(i.SPI_NSSInternalSoftwareConfig), (30 bytes).
    Removing stm32f4xx_spi.o(i.SPI_SSOutputCmd), (24 bytes).
    Removing stm32f4xx_spi.o(i.SPI_StructInit), (24 bytes).
    Removing stm32f4xx_spi.o(i.SPI_TIModeCmd), (24 bytes).
    Removing stm32f4xx_spi.o(i.SPI_TransmitCRC), (10 bytes).
    Removing stm32f4xx_syscfg.o(.rev16_text), (4 bytes).
    Removing stm32f4xx_syscfg.o(.revsh_text), (4 bytes).
    Removing stm32f4xx_syscfg.o(.rrx_text), (6 bytes).
    Removing stm32f4xx_syscfg.o(i.SYSCFG_CompensationCellCmd), (12 bytes).
    Removing stm32f4xx_syscfg.o(i.SYSCFG_DeInit), (22 bytes).
    Removing stm32f4xx_syscfg.o(i.SYSCFG_ETH_MediaInterfaceConfig), (12 bytes).
    Removing stm32f4xx_syscfg.o(i.SYSCFG_EXTILineConfig), (64 bytes).
    Removing stm32f4xx_syscfg.o(i.SYSCFG_GetCompensationCellStatus), (24 bytes).
    Removing stm32f4xx_syscfg.o(i.SYSCFG_MemoryRemapConfig), (12 bytes).
    Removing stm32f4xx_syscfg.o(i.SYSCFG_MemorySwappingBank), (12 bytes).
    Removing system_stm32f4xx.o(.rev16_text), (4 bytes).
    Removing system_stm32f4xx.o(.revsh_text), (4 bytes).
    Removing system_stm32f4xx.o(.rrx_text), (6 bytes).
    Removing system_stm32f4xx.o(i.SystemCoreClockUpdate), (192 bytes).
    Removing system_stm32f4xx.o(.data), (20 bytes).
    Removing dadd.o(.text), (334 bytes).
    Removing dmul.o(.text), (228 bytes).
    Removing ddiv.o(.text), (222 bytes).
    Removing dfixul.o(.text), (48 bytes).
    Removing cdrcmple.o(.text), (48 bytes).
    Removing depilogue.o(.text), (186 bytes).

197 unused section(s) (total 12684 bytes) removed from the image.

==============================================================================

Image Symbol Table

    Local Symbols

    Symbol Name                              Value     Ov Type        Size  Object(Section)

    ../clib/microlib/division.c              0x00000000   Number         0  uldiv.o ABSOLUTE
    ../clib/microlib/division.c              0x00000000   Number         0  uidiv.o ABSOLUTE
    ../clib/microlib/init/entry.s            0x00000000   Number         0  entry8b.o ABSOLUTE
    ../clib/microlib/init/entry.s            0x00000000   Number         0  entry12b.o ABSOLUTE
    ../clib/microlib/init/entry.s            0x00000000   Number         0  entry5.o ABSOLUTE
    ../clib/microlib/init/entry.s            0x00000000   Number         0  entry11a.o ABSOLUTE
    ../clib/microlib/init/entry.s            0x00000000   Number         0  entry10b.o ABSOLUTE
    ../clib/microlib/init/entry.s            0x00000000   Number         0  entry9a.o ABSOLUTE
    ../clib/microlib/init/entry.s            0x00000000   Number         0  entry7a.o ABSOLUTE
    ../clib/microlib/init/entry.s            0x00000000   Number         0  entry8a.o ABSOLUTE
    ../clib/microlib/init/entry.s            0x00000000   Number         0  entry7b.o ABSOLUTE
    ../clib/microlib/init/entry.s            0x00000000   Number         0  entry9b.o ABSOLUTE
    ../clib/microlib/init/entry.s            0x00000000   Number         0  entry.o ABSOLUTE
    ../clib/microlib/init/entry.s            0x00000000   Number         0  entry2.o ABSOLUTE
    ../clib/microlib/init/entry.s            0x00000000   Number         0  entry11b.o ABSOLUTE
    ../clib/microlib/init/entry.s            0x00000000   Number         0  entry12a.o ABSOLUTE
    ../clib/microlib/init/entry.s            0x00000000   Number         0  entry10a.o ABSOLUTE
    ../clib/microlib/longlong.c              0x00000000   Number         0  llsshr.o ABSOLUTE
    ../clib/microlib/longlong.c              0x00000000   Number         0  llushr.o ABSOLUTE
    ../clib/microlib/longlong.c              0x00000000   Number         0  llshl.o ABSOLUTE
    ../clib/microlib/malloc/malloc.c         0x00000000   Number         0  malloca.o ABSOLUTE
    ../clib/microlib/malloc/malloc.c         0x00000000   Number         0  mallocra.o ABSOLUTE
    ../clib/microlib/malloc/malloc.c         0x00000000   Number         0  mallocr.o ABSOLUTE
    ../clib/microlib/malloc/malloc.c         0x00000000   Number         0  malloc.o ABSOLUTE
    ../clib/microlib/malloc/mvars.c          0x00000000   Number         0  mvars.o ABSOLUTE
    ../clib/microlib/printf/printf.c         0x00000000   Number         0  printf0.o ABSOLUTE
    ../clib/microlib/printf/printf.c         0x00000000   Number         0  printf1.o ABSOLUTE
    ../clib/microlib/printf/printf.c         0x00000000   Number         0  printf2.o ABSOLUTE
    ../clib/microlib/printf/printf.c         0x00000000   Number         0  printf4.o ABSOLUTE
    ../clib/microlib/printf/printf.c         0x00000000   Number         0  printf5.o ABSOLUTE
    ../clib/microlib/printf/printf.c         0x00000000   Number         0  printf6.o ABSOLUTE
    ../clib/microlib/printf/printf.c         0x00000000   Number         0  printf7.o ABSOLUTE
    ../clib/microlib/printf/printf.c         0x00000000   Number         0  printf8.o ABSOLUTE
    ../clib/microlib/printf/printf.c         0x00000000   Number         0  printfa.o ABSOLUTE
    ../clib/microlib/printf/printf.c         0x00000000   Number         0  printf3.o ABSOLUTE
    ../clib/microlib/printf/printf.c         0x00000000   Number         0  printfb.o ABSOLUTE
    ../clib/microlib/stdio/fputc.c           0x00000000   Number         0  fputc.o ABSOLUTE
    ../clib/microlib/stdio/semi.s            0x00000000   Number         0  semi.o ABSOLUTE
    ../clib/microlib/stdio/streams.c         0x00000000   Number         0  stdout.o ABSOLUTE
    ../clib/microlib/string/memcpy.c         0x00000000   Number         0  memcpya.o ABSOLUTE
    ../clib/microlib/string/memcpy.c         0x00000000   Number         0  memcpyb.o ABSOLUTE
    ../clib/microlib/string/strlen.c         0x00000000   Number         0  strlen.o ABSOLUTE
    ../clib/microlib/stubs.s                 0x00000000   Number         0  iusesemip.o ABSOLUTE
    ../clib/microlib/stubs.s                 0x00000000   Number         0  iusefp.o ABSOLUTE
    ../fplib/microlib/fpadd.c                0x00000000   Number         0  dadd.o ABSOLUTE
    ../fplib/microlib/fpdiv.c                0x00000000   Number         0  ddiv.o ABSOLUTE
    ../fplib/microlib/fpepilogue.c           0x00000000   Number         0  depilogue.o ABSOLUTE
    ../fplib/microlib/fpfix.c                0x00000000   Number         0  dfixul.o ABSOLUTE
    ../fplib/microlib/fpmul.c                0x00000000   Number         0  dmul.o ABSOLUTE
    ..\BSP\delay.c                           0x00000000   Number         0  delay.o ABSOLUTE
    ..\BSP\led.c                             0x00000000   Number         0  led.o ABSOLUTE
    ..\BSP\sdcard.c                          0x00000000   Number         0  sdcard.o ABSOLUTE
    ..\BSP\spi.c                             0x00000000   Number         0  spi.o ABSOLUTE
    ..\BSP\sys.c                             0x00000000   Number         0  sys.o ABSOLUTE
    ..\FatFs\diskio.c                        0x00000000   Number         0  diskio.o ABSOLUTE
    ..\FatFs\ff.c                            0x00000000   Number         0  ff.o ABSOLUTE
    ..\FatFs\ffsystem.c                      0x00000000   Number         0  ffsystem.o ABSOLUTE
    ..\FatFs\ffunicode.c                     0x00000000   Number         0  ffunicode.o ABSOLUTE
    ..\LIB\CMSIS\STM32F4xx\arm\startup_stm32f40_41xxx.s 0x00000000   Number         0  startup_stm32f40_41xxx.o ABSOLUTE
    ..\LIB\CMSIS\STM32F4xx\system_stm32f4xx.c 0x00000000   Number         0  system_stm32f4xx.o ABSOLUTE
    ..\LIB\STM32F4xx_StdPeriph_Driver\src\misc.c 0x00000000   Number         0  misc.o ABSOLUTE
    ..\LIB\STM32F4xx_StdPeriph_Driver\src\stm32f4xx_dma.c 0x00000000   Number         0  stm32f4xx_dma.o ABSOLUTE
    ..\LIB\STM32F4xx_StdPeriph_Driver\src\stm32f4xx_gpio.c 0x00000000   Number         0  stm32f4xx_gpio.o ABSOLUTE
    ..\LIB\STM32F4xx_StdPeriph_Driver\src\stm32f4xx_rcc.c 0x00000000   Number         0  stm32f4xx_rcc.o ABSOLUTE
    ..\LIB\STM32F4xx_StdPeriph_Driver\src\stm32f4xx_spi.c 0x00000000   Number         0  stm32f4xx_spi.o ABSOLUTE
    ..\LIB\STM32F4xx_StdPeriph_Driver\src\stm32f4xx_syscfg.c 0x00000000   Number         0  stm32f4xx_syscfg.o ABSOLUTE
    ..\USER\main.c                           0x00000000   Number         0  main.o ABSOLUTE
    ..\USER\stm32f4xx_it.c                   0x00000000   Number         0  stm32f4xx_it.o ABSOLUTE
    ..\\BSP\\delay.c                         0x00000000   Number         0  delay.o ABSOLUTE
    ..\\BSP\\led.c                           0x00000000   Number         0  led.o ABSOLUTE
    ..\\BSP\\sdcard.c                        0x00000000   Number         0  sdcard.o ABSOLUTE
    ..\\BSP\\spi.c                           0x00000000   Number         0  spi.o ABSOLUTE
    ..\\BSP\\sys.c                           0x00000000   Number         0  sys.o ABSOLUTE
    ..\\FatFs\\diskio.c                      0x00000000   Number         0  diskio.o ABSOLUTE
    ..\\LIB\\CMSIS\\STM32F4xx\\system_stm32f4xx.c 0x00000000   Number         0  system_stm32f4xx.o ABSOLUTE
    ..\\LIB\\STM32F4xx_StdPeriph_Driver\\src\\misc.c 0x00000000   Number         0  misc.o ABSOLUTE
    ..\\LIB\\STM32F4xx_StdPeriph_Driver\\src\\stm32f4xx_dma.c 0x00000000   Number         0  stm32f4xx_dma.o ABSOLUTE
    ..\\LIB\\STM32F4xx_StdPeriph_Driver\\src\\stm32f4xx_gpio.c 0x00000000   Number         0  stm32f4xx_gpio.o ABSOLUTE
    ..\\LIB\\STM32F4xx_StdPeriph_Driver\\src\\stm32f4xx_rcc.c 0x00000000   Number         0  stm32f4xx_rcc.o ABSOLUTE
    ..\\LIB\\STM32F4xx_StdPeriph_Driver\\src\\stm32f4xx_spi.c 0x00000000   Number         0  stm32f4xx_spi.o ABSOLUTE
    ..\\LIB\\STM32F4xx_StdPeriph_Driver\\src\\stm32f4xx_syscfg.c 0x00000000   Number         0  stm32f4xx_syscfg.o ABSOLUTE
    ..\\USER\\main.c                         0x00000000   Number         0  main.o ABSOLUTE
    ..\\USER\\stm32f4xx_it.c                 0x00000000   Number         0  stm32f4xx_it.o ABSOLUTE
    cdrcmple.s                               0x00000000   Number         0  cdrcmple.o ABSOLUTE
    dc.s                                     0x00000000   Number         0  dc.o ABSOLUTE
    handlers.s                               0x00000000   Number         0  handlers.o ABSOLUTE
    init.s                                   0x00000000   Number         0  init.o ABSOLUTE
    RESET                                    0x08000000   Section      392  startup_stm32f40_41xxx.o(RESET)
    .ARM.Collect$$$$00000000                 0x08000188   Section        0  entry.o(.ARM.Collect$$$$00000000)
    .ARM.Collect$$$$00000001                 0x08000188   Section        4  entry2.o(.ARM.Collect$$$$00000001)
    .ARM.Collect$$$$00000004                 0x0800018c   Section        4  entry5.o(.ARM.Collect$$$$00000004)
    .ARM.Collect$$$$00000008                 0x08000190   Section        0  entry7b.o(.ARM.Collect$$$$00000008)
    .ARM.Collect$$$$0000000A                 0x08000190   Section        0  entry8b.o(.ARM.Collect$$$$0000000A)
    .ARM.Collect$$$$0000000B                 0x08000190   Section        8  entry9a.o(.ARM.Collect$$$$0000000B)
    .ARM.Collect$$$$0000000E                 0x08000198   Section        4  entry12b.o(.ARM.Collect$$$$0000000E)
    .ARM.Collect$$$$0000000F                 0x0800019c   Section        0  entry10a.o(.ARM.Collect$$$$0000000F)
    .ARM.Collect$$$$00000011                 0x0800019c   Section        0  entry11a.o(.ARM.Collect$$$$00000011)
    .ARM.Collect$$$$00002712                 0x0800019c   Section        4  entry2.o(.ARM.Collect$$$$00002712)
    __lit__00000000                          0x0800019c   Data           4  entry2.o(.ARM.Collect$$$$00002712)
    .text                                    0x080001a0   Section       36  startup_stm32f40_41xxx.o(.text)
    $v0                                      0x080001a0   Number         0  startup_stm32f40_41xxx.o(.text)
    .text                                    0x080001c4   Section        0  strlen.o(.text)
    .text                                    0x080001d4   Section       36  init.o(.text)
    i.BusFault_Handler                       0x080001f8   Section        0  stm32f4xx_it.o(i.BusFault_Handler)
    i.Buzz_Config                            0x080001fc   Section        0  led.o(i.Buzz_Config)
    i.DMA_ClearFlag                          0x0800023c   Section        0  stm32f4xx_dma.o(i.DMA_ClearFlag)
    i.DMA_Cmd                                0x08000270   Section        0  stm32f4xx_dma.o(i.DMA_Cmd)
    i.DMA_DeInit                             0x08000288   Section        0  stm32f4xx_dma.o(i.DMA_DeInit)
    i.DMA_GetCmdStatus                       0x080003e0   Section        0  stm32f4xx_dma.o(i.DMA_GetCmdStatus)
    i.DMA_GetFlagStatus                      0x080003f4   Section        0  stm32f4xx_dma.o(i.DMA_GetFlagStatus)
    i.DMA_Init                               0x08000438   Section        0  stm32f4xx_dma.o(i.DMA_Init)
    i.DebugMon_Handler                       0x08000490   Section        0  stm32f4xx_it.o(i.DebugMon_Handler)
    i.GPIO_Init                              0x08000492   Section        0  stm32f4xx_gpio.o(i.GPIO_Init)
    i.GPIO_PinAFConfig                       0x08000522   Section        0  stm32f4xx_gpio.o(i.GPIO_PinAFConfig)
    i.GPIO_ResetBits                         0x08000568   Section        0  stm32f4xx_gpio.o(i.GPIO_ResetBits)
    i.GPIO_SetBits                           0x0800056c   Section        0  stm32f4xx_gpio.o(i.GPIO_SetBits)
    i.HardFault_Handler                      0x08000570   Section        0  stm32f4xx_it.o(i.HardFault_Handler)
    i.LED_Config                             0x08000574   Section        0  led.o(i.LED_Config)
    i.MemManage_Handler                      0x080005b0   Section        0  stm32f4xx_it.o(i.MemManage_Handler)
    i.NMI_Handler                            0x080005b4   Section        0  stm32f4xx_it.o(i.NMI_Handler)
    i.PendSV_Handler                         0x080005b6   Section        0  stm32f4xx_it.o(i.PendSV_Handler)
    i.RCC_AHB1PeriphClockCmd                 0x080005b8   Section        0  stm32f4xx_rcc.o(i.RCC_AHB1PeriphClockCmd)
    i.RCC_APB1PeriphClockCmd                 0x080005d8   Section        0  stm32f4xx_rcc.o(i.RCC_APB1PeriphClockCmd)
    i.SD_DisSelect                           0x080005f8   Section        0  sdcard.o(i.SD_DisSelect)
    i.SD_GetCIDRegister                      0x0800060c   Section        0  sdcard.o(i.SD_GetCIDRegister)
    i.SD_GetCSDRegister                      0x08000710   Section        0  sdcard.o(i.SD_GetCSDRegister)
    i.SD_GetCardInfo                         0x0800092c   Section        0  sdcard.o(i.SD_GetCardInfo)
    i.SD_GetDataResponse                     0x080009da   Section        0  sdcard.o(i.SD_GetDataResponse)
    i.SD_GetResp                             0x08000a26   Section        0  sdcard.o(i.SD_GetResp)
    i.SD_GetResponse                         0x08000a48   Section        0  sdcard.o(i.SD_GetResponse)
    i.SD_GoIdleState                         0x08000a6c   Section        0  sdcard.o(i.SD_GoIdleState)
    i.SD_Init                                0x08000ad8   Section        0  sdcard.o(i.SD_Init)
    i.SD_ReadBlock                           0x08000b2c   Section        0  sdcard.o(i.SD_ReadBlock)
    i.SD_ReadMultiBlocks                     0x08000b90   Section        0  sdcard.o(i.SD_ReadMultiBlocks)
    i.SD_RecvData                            0x08000c18   Section        0  sdcard.o(i.SD_RecvData)
    i.SD_Select                              0x08000c44   Section        0  sdcard.o(i.SD_Select)
    i.SD_SendBlock                           0x08000c64   Section        0  sdcard.o(i.SD_SendBlock)
    i.SD_SendCmd                             0x08000ca6   Section        0  sdcard.o(i.SD_SendCmd)
    i.SD_Send_ACMD23                         0x08000cdc   Section        0  sdcard.o(i.SD_Send_ACMD23)
    i.SD_Send_ACMD41                         0x08000d2e   Section        0  sdcard.o(i.SD_Send_ACMD41)
    i.SD_Send_CMD58                          0x08000d80   Section        0  sdcard.o(i.SD_Send_CMD58)
    i.SD_Send_CMD8                           0x08000dcc   Section        0  sdcard.o(i.SD_Send_CMD8)
    i.SD_WaitReady                           0x08000e12   Section        0  sdcard.o(i.SD_WaitReady)
    i.SD_WriteBlock                          0x08000e34   Section        0  sdcard.o(i.SD_WriteBlock)
    i.SD_WriteMultiBlocks                    0x08000ea8   Section        0  sdcard.o(i.SD_WriteMultiBlocks)
    i.SPI2_DMA_Init                          0x08000f40   Section        0  spi.o(i.SPI2_DMA_Init)
    i.SPI2_SDCard_Init                       0x08000fe8   Section        0  spi.o(i.SPI2_SDCard_Init)
    i.SPI2_SD_SpeedHigh                      0x08001108   Section        0  spi.o(i.SPI2_SD_SpeedHigh)
    i.SPI2_SD_SpeedLow                       0x08001112   Section        0  spi.o(i.SPI2_SD_SpeedLow)
    i.SPI2_SetSpeed                          0x0800111c   Section        0  spi.o(i.SPI2_SetSpeed)
    SPI2_SetSpeed                            0x0800111d   Thumb Code    36  spi.o(i.SPI2_SetSpeed)
    i.SPI_Cmd                                0x08001144   Section        0  stm32f4xx_spi.o(i.SPI_Cmd)
    i.SPI_I2S_DMACmd                         0x0800115c   Section        0  stm32f4xx_spi.o(i.SPI_I2S_DMACmd)
    i.SPI_Init                               0x0800116e   Section        0  stm32f4xx_spi.o(i.SPI_Init)
    i.SPI_SDCard_ReadByte                    0x080011aa   Section        0  spi.o(i.SPI_SDCard_ReadByte)
    i.SPI_SDCard_SendByte                    0x080011b4   Section        0  spi.o(i.SPI_SDCard_SendByte)
    i.SPI_SD_ReadMultiBytes                  0x080012dc   Section        0  spi.o(i.SPI_SD_ReadMultiBytes)
    i.SPI_SD_SendMultiBytes                  0x08001400   Section        0  spi.o(i.SPI_SD_SendMultiBytes)
    i.SVC_Handler                            0x080014a0   Section        0  stm32f4xx_it.o(i.SVC_Handler)
    i.SetSysClock                            0x080014a4   Section        0  system_stm32f4xx.o(i.SetSysClock)
    SetSysClock                              0x080014a5   Thumb Code   220  system_stm32f4xx.o(i.SetSysClock)
    i.SysTick_CLKSourceConfig                0x08001590   Section        0  misc.o(i.SysTick_CLKSourceConfig)
    i.SysTick_Handler                        0x080015b8   Section        0  stm32f4xx_it.o(i.SysTick_Handler)
    i.SystemInit                             0x080015bc   Section        0  system_stm32f4xx.o(i.SystemInit)
    i.UsageFault_Handler                     0x08001624   Section        0  stm32f4xx_it.o(i.UsageFault_Handler)
    i.__0sprintf$bare                        0x08001628   Section        0  printfb.o(i.__0sprintf$bare)
    i.__scatterload_copy                     0x0800164c   Section       14  handlers.o(i.__scatterload_copy)
    i.__scatterload_null                     0x0800165a   Section        2  handlers.o(i.__scatterload_null)
    i.__scatterload_zeroinit                 0x0800165c   Section       14  handlers.o(i.__scatterload_zeroinit)
    i._printf_core                           0x0800166a   Section        0  printfb.o(i._printf_core)
    _printf_core                             0x0800166b   Thumb Code    34  printfb.o(i._printf_core)
    i._sputc                                 0x0800168c   Section        0  printfb.o(i._sputc)
    _sputc                                   0x0800168d   Thumb Code    10  printfb.o(i._sputc)
    i.check_fs                               0x08001698   Section        0  ff.o(i.check_fs)
    check_fs                                 0x08001699   Thumb Code   114  ff.o(i.check_fs)
    i.chk_chr                                0x08001718   Section        0  ff.o(i.chk_chr)
    chk_chr                                  0x08001719   Thumb Code    20  ff.o(i.chk_chr)
    i.chk_lock                               0x0800172c   Section        0  ff.o(i.chk_lock)
    chk_lock                                 0x0800172d   Thumb Code   118  ff.o(i.chk_lock)
    i.clear_lock                             0x080017a8   Section        0  ff.o(i.clear_lock)
    clear_lock                               0x080017a9   Thumb Code    36  ff.o(i.clear_lock)
    i.clmt_clust                             0x080017d0   Section        0  ff.o(i.clmt_clust)
    clmt_clust                               0x080017d1   Thumb Code    50  ff.o(i.clmt_clust)
    i.clst2sect                              0x08001802   Section        0  ff.o(i.clst2sect)
    clst2sect                                0x08001803   Thumb Code    26  ff.o(i.clst2sect)
    i.cmp_lfn                                0x0800181c   Section        0  ff.o(i.cmp_lfn)
    cmp_lfn                                  0x0800181d   Thumb Code   148  ff.o(i.cmp_lfn)
    i.create_chain                           0x080018b4   Section        0  ff.o(i.create_chain)
    create_chain                             0x080018b5   Thumb Code   288  ff.o(i.create_chain)
    i.create_name                            0x080019d4   Section        0  ff.o(i.create_name)
    create_name                              0x080019d5   Thumb Code   582  ff.o(i.create_name)
    i.dbc_1st                                0x08001c34   Section        0  ff.o(i.dbc_1st)
    dbc_1st                                  0x08001c35   Thumb Code    12  ff.o(i.dbc_1st)
    i.dbc_2nd                                0x08001c40   Section        0  ff.o(i.dbc_2nd)
    dbc_2nd                                  0x08001c41   Thumb Code    12  ff.o(i.dbc_2nd)
    i.dec_lock                               0x08001c4c   Section        0  ff.o(i.dec_lock)
    dec_lock                                 0x08001c4d   Thumb Code    64  ff.o(i.dec_lock)
    i.delay_init                             0x08001c90   Section        0  delay.o(i.delay_init)
    i.delay_ms                               0x08001ccc   Section        0  delay.o(i.delay_ms)
    i.delay_xms                              0x08001d04   Section        0  delay.o(i.delay_xms)
    i.dir_alloc                              0x08001d50   Section        0  ff.o(i.dir_alloc)
    dir_alloc                                0x08001d51   Thumb Code    96  ff.o(i.dir_alloc)
    i.dir_clear                              0x08001db0   Section        0  ff.o(i.dir_clear)
    dir_clear                                0x08001db1   Thumb Code   198  ff.o(i.dir_clear)
    i.dir_find                               0x08001e76   Section        0  ff.o(i.dir_find)
    dir_find                                 0x08001e77   Thumb Code   252  ff.o(i.dir_find)
    i.dir_next                               0x08001f72   Section        0  ff.o(i.dir_next)
    dir_next                                 0x08001f73   Thumb Code   202  ff.o(i.dir_next)
    i.dir_register                           0x0800203c   Section        0  ff.o(i.dir_register)
    dir_register                             0x0800203d   Thumb Code   322  ff.o(i.dir_register)
    i.dir_sdi                                0x0800217e   Section        0  ff.o(i.dir_sdi)
    dir_sdi                                  0x0800217f   Thumb Code   154  ff.o(i.dir_sdi)
    i.disk_initialize                        0x08002218   Section        0  diskio.o(i.disk_initialize)
    i.disk_ioctl                             0x0800225c   Section        0  diskio.o(i.disk_ioctl)
    i.disk_read                              0x080022ac   Section        0  diskio.o(i.disk_read)
    i.disk_status                            0x080022f4   Section        0  diskio.o(i.disk_status)
    i.disk_write                             0x080022fa   Section        0  diskio.o(i.disk_write)
    i.enq_lock                               0x08002344   Section        0  ff.o(i.enq_lock)
    enq_lock                                 0x08002345   Thumb Code    34  ff.o(i.enq_lock)
    i.f_close                                0x0800236c   Section        0  ff.o(i.f_close)
    i.f_lseek                                0x08002398   Section        0  ff.o(i.f_lseek)
    i.f_mount                                0x08002648   Section        0  ff.o(i.f_mount)
    i.f_open                                 0x080026a4   Section        0  ff.o(i.f_open)
    i.f_sync                                 0x080028f0   Section        0  ff.o(i.f_sync)
    i.f_write                                0x08002990   Section        0  ff.o(i.f_write)
    i.ff_memalloc                            0x08002b7e   Section        0  ffsystem.o(i.ff_memalloc)
    i.ff_memfree                             0x08002b8a   Section        0  ffsystem.o(i.ff_memfree)
    i.ff_oem2uni                             0x08002b98   Section        0  ffunicode.o(i.ff_oem2uni)
    i.ff_uni2oem                             0x08002bc4   Section        0  ffunicode.o(i.ff_uni2oem)
    i.ff_wtoupper                            0x08002c04   Section        0  ffunicode.o(i.ff_wtoupper)
    i.find_volume                            0x08002cb4   Section        0  ff.o(i.find_volume)
    find_volume                              0x08002cb5   Thumb Code   120  ff.o(i.find_volume)
    i.follow_path                            0x08002d2c   Section        0  ff.o(i.follow_path)
    follow_path                              0x08002d2d   Thumb Code   158  ff.o(i.follow_path)
    i.free                                   0x08002dcc   Section        0  malloc.o(i.free)
    i.gen_numname                            0x08002e1c   Section        0  ff.o(i.gen_numname)
    gen_numname                              0x08002e1d   Thumb Code   198  ff.o(i.gen_numname)
    i.get_fat                                0x08002ee8   Section        0  ff.o(i.get_fat)
    get_fat                                  0x08002ee9   Thumb Code   224  ff.o(i.get_fat)
    i.get_fattime                            0x08002fc8   Section        0  diskio.o(i.get_fattime)
    i.get_ldnumber                           0x08002fcc   Section        0  ff.o(i.get_ldnumber)
    get_ldnumber                             0x08002fcd   Thumb Code   174  ff.o(i.get_ldnumber)
    i.inc_lock                               0x08003080   Section        0  ff.o(i.inc_lock)
    inc_lock                                 0x08003081   Thumb Code   184  ff.o(i.inc_lock)
    i.ld_clust                               0x0800313c   Section        0  ff.o(i.ld_clust)
    ld_clust                                 0x0800313d   Thumb Code    38  ff.o(i.ld_clust)
    i.ld_dword                               0x08003162   Section        0  ff.o(i.ld_dword)
    ld_dword                                 0x08003163   Thumb Code    24  ff.o(i.ld_dword)
    i.ld_word                                0x0800317a   Section        0  ff.o(i.ld_word)
    ld_word                                  0x0800317b   Thumb Code    12  ff.o(i.ld_word)
    i.main                                   0x08003188   Section        0  main.o(i.main)
    i.malloc                                 0x080032c8   Section        0  malloc.o(i.malloc)
    i.mem_cmp                                0x08003334   Section        0  ff.o(i.mem_cmp)
    mem_cmp                                  0x08003335   Thumb Code    36  ff.o(i.mem_cmp)
    i.mem_cpy                                0x08003358   Section        0  ff.o(i.mem_cpy)
    mem_cpy                                  0x08003359   Thumb Code    26  ff.o(i.mem_cpy)
    i.mem_set                                0x08003372   Section        0  ff.o(i.mem_set)
    mem_set                                  0x08003373   Thumb Code    18  ff.o(i.mem_set)
    i.mount_volume                           0x08003384   Section        0  ff.o(i.mount_volume)
    mount_volume                             0x08003385   Thumb Code   664  ff.o(i.mount_volume)
    i.move_window                            0x08003630   Section        0  ff.o(i.move_window)
    move_window                              0x08003631   Thumb Code    52  ff.o(i.move_window)
    i.put_fat                                0x08003664   Section        0  ff.o(i.put_fat)
    put_fat                                  0x08003665   Thumb Code   312  ff.o(i.put_fat)
    i.put_lfn                                0x0800379c   Section        0  ff.o(i.put_lfn)
    put_lfn                                  0x0800379d   Thumb Code   124  ff.o(i.put_lfn)
    i.remove_chain                           0x0800381c   Section        0  ff.o(i.remove_chain)
    remove_chain                             0x0800381d   Thumb Code   154  ff.o(i.remove_chain)
    i.st_clust                               0x080038b6   Section        0  ff.o(i.st_clust)
    st_clust                                 0x080038b7   Thumb Code    36  ff.o(i.st_clust)
    i.st_dword                               0x080038da   Section        0  ff.o(i.st_dword)
    st_dword                                 0x080038db   Thumb Code    24  ff.o(i.st_dword)
    i.st_word                                0x080038f2   Section        0  ff.o(i.st_word)
    st_word                                  0x080038f3   Thumb Code    12  ff.o(i.st_word)
    i.sum_sfn                                0x080038fe   Section        0  ff.o(i.sum_sfn)
    sum_sfn                                  0x080038ff   Thumb Code    32  ff.o(i.sum_sfn)
    i.sync_fs                                0x08003920   Section        0  ff.o(i.sync_fs)
    sync_fs                                  0x08003921   Thumb Code   134  ff.o(i.sync_fs)
    i.sync_window                            0x080039b0   Section        0  ff.o(i.sync_window)
    sync_window                              0x080039b1   Thumb Code    74  ff.o(i.sync_window)
    i.tchar2uni                              0x080039fa   Section        0  ff.o(i.tchar2uni)
    tchar2uni                                0x080039fb   Thumb Code    76  ff.o(i.tchar2uni)
    i.validate                               0x08003a46   Section        0  ff.o(i.validate)
    validate                                 0x08003a47   Thumb Code    60  ff.o(i.validate)
    .constdata                               0x08003a84   Section      240  ff.o(.constdata)
    VolumeStr                                0x08003a84   Data          36  ff.o(.constdata)
    LfnOfs                                   0x08003aa8   Data          13  ff.o(.constdata)
    ExCvt                                    0x08003ab5   Data         128  ff.o(.constdata)
    badchr                                   0x08003b35   Data          18  ff.o(.constdata)
    cst                                      0x08003b48   Data          14  ff.o(.constdata)
    cst32                                    0x08003b56   Data          14  ff.o(.constdata)
    defopt                                   0x08003b64   Data          16  ff.o(.constdata)
    .constdata                               0x08003b74   Section      942  ffunicode.o(.constdata)
    uc437                                    0x08003b74   Data         256  ffunicode.o(.constdata)
    cvt1                                     0x08003c74   Data         498  ffunicode.o(.constdata)
    cvt2                                     0x08003e66   Data         188  ffunicode.o(.constdata)
    .constdata                               0x08003f24   Section       10  sdcard.o(.constdata)
    .conststring                             0x08003f30   Section     1681  main.o(.conststring)
    .conststring                             0x080045c4   Section       44  ff.o(.conststring)
    .data                                    0x20000000   Section        1  main.o(.data)
    .data                                    0x20000002   Section        2  ff.o(.data)
    Fsid                                     0x20000002   Data           2  ff.o(.data)
    .data                                    0x20000004   Section        4  delay.o(.data)
    fac_us                                   0x20000004   Data           1  delay.o(.data)
    fac_ms                                   0x20000006   Data           2  delay.o(.data)
    .data                                    0x20000008   Section        1  sdcard.o(.data)
    .data                                    0x2000000c   Section        4  mvars.o(.data)
    .data                                    0x20000010   Section        4  mvars.o(.data)
    .bss                                     0x20000014   Section     3684  main.o(.bss)
    .bss                                     0x20000e78   Section       84  ff.o(.bss)
    FatFs                                    0x20000e78   Data          36  ff.o(.bss)
    Files                                    0x20000e9c   Data          48  ff.o(.bss)
    .bss                                     0x20000ed0   Section       88  sdcard.o(.bss)
    HEAP                                     0x20000f28   Section     2048  startup_stm32f40_41xxx.o(HEAP)
    STACK                                    0x20001728   Section     1024  startup_stm32f40_41xxx.o(STACK)

    Global Symbols

    Symbol Name                              Value     Ov Type        Size  Object(Section)

    BuildAttributes$$THM_ISAv4$E$P$D$K$B$S$7EM$VFPi3$EXTD16$VFPS$VFMA$PE$A:L22UL41UL21$X:L11$S22US41US21$IEEE1$IW$USESV6$~STKCKD$USESV7$~SHL$OSPACE$ROPI$EBA8$MICROLIB$REQ8$PRES8$EABIv2 0x00000000   Number         0  anon$$obj.o ABSOLUTE
    __ARM_use_no_argv                        0x00000000   Number         0  main.o ABSOLUTE
    __arm_fini_                               - Undefined Weak Reference
    __cpp_initialize__aeabi_                  - Undefined Weak Reference
    __cxa_finalize                            - Undefined Weak Reference
    __decompress                              - Undefined Weak Reference
    _clock_init                               - Undefined Weak Reference
    _microlib_exit                            - Undefined Weak Reference
    __Vectors_Size                           0x00000188   Number         0  startup_stm32f40_41xxx.o ABSOLUTE
    __Vectors                                0x08000000   Data           4  startup_stm32f40_41xxx.o(RESET)
    __Vectors_End                            0x08000188   Data           0  startup_stm32f40_41xxx.o(RESET)
    __main                                   0x08000189   Thumb Code     0  entry.o(.ARM.Collect$$$$00000000)
    _main_stk                                0x08000189   Thumb Code     0  entry2.o(.ARM.Collect$$$$00000001)
    _main_scatterload                        0x0800018d   Thumb Code     0  entry5.o(.ARM.Collect$$$$00000004)
    __main_after_scatterload                 0x08000191   Thumb Code     0  entry5.o(.ARM.Collect$$$$00000004)
    _main_clock                              0x08000191   Thumb Code     0  entry7b.o(.ARM.Collect$$$$00000008)
    _main_cpp_init                           0x08000191   Thumb Code     0  entry8b.o(.ARM.Collect$$$$0000000A)
    _main_init                               0x08000191   Thumb Code     0  entry9a.o(.ARM.Collect$$$$0000000B)
    __rt_lib_shutdown_fini                   0x08000199   Thumb Code     0  entry12b.o(.ARM.Collect$$$$0000000E)
    __rt_final_cpp                           0x0800019d   Thumb Code     0  entry10a.o(.ARM.Collect$$$$0000000F)
    __rt_final_exit                          0x0800019d   Thumb Code     0  entry11a.o(.ARM.Collect$$$$00000011)
    Reset_Handler                            0x080001a1   Thumb Code     8  startup_stm32f40_41xxx.o(.text)
    ADC_IRQHandler                           0x080001bb   Thumb Code     0  startup_stm32f40_41xxx.o(.text)
    CAN1_RX0_IRQHandler                      0x080001bb   Thumb Code     0  startup_stm32f40_41xxx.o(.text)
    CAN1_RX1_IRQHandler                      0x080001bb   Thumb Code     0  startup_stm32f40_41xxx.o(.text)
    CAN1_SCE_IRQHandler                      0x080001bb   Thumb Code     0  startup_stm32f40_41xxx.o(.text)
    CAN1_TX_IRQHandler                       0x080001bb   Thumb Code     0  startup_stm32f40_41xxx.o(.text)
    CAN2_RX0_IRQHandler                      0x080001bb   Thumb Code     0  startup_stm32f40_41xxx.o(.text)
    CAN2_RX1_IRQHandler                      0x080001bb   Thumb Code     0  startup_stm32f40_41xxx.o(.text)
    CAN2_SCE_IRQHandler                      0x080001bb   Thumb Code     0  startup_stm32f40_41xxx.o(.text)
    CAN2_TX_IRQHandler                       0x080001bb   Thumb Code     0  startup_stm32f40_41xxx.o(.text)
    CRYP_IRQHandler                          0x080001bb   Thumb Code     0  startup_stm32f40_41xxx.o(.text)
    DCMI_IRQHandler                          0x080001bb   Thumb Code     0  startup_stm32f40_41xxx.o(.text)
    DMA1_Stream0_IRQHandler                  0x080001bb   Thumb Code     0  startup_stm32f40_41xxx.o(.text)
    DMA1_Stream1_IRQHandler                  0x080001bb   Thumb Code     0  startup_stm32f40_41xxx.o(.text)
    DMA1_Stream2_IRQHandler                  0x080001bb   Thumb Code     0  startup_stm32f40_41xxx.o(.text)
    DMA1_Stream3_IRQHandler                  0x080001bb   Thumb Code     0  startup_stm32f40_41xxx.o(.text)
    DMA1_Stream4_IRQHandler                  0x080001bb   Thumb Code     0  startup_stm32f40_41xxx.o(.text)
    DMA1_Stream5_IRQHandler                  0x080001bb   Thumb Code     0  startup_stm32f40_41xxx.o(.text)
    DMA1_Stream6_IRQHandler                  0x080001bb   Thumb Code     0  startup_stm32f40_41xxx.o(.text)
    DMA1_Stream7_IRQHandler                  0x080001bb   Thumb Code     0  startup_stm32f40_41xxx.o(.text)
    DMA2_Stream0_IRQHandler                  0x080001bb   Thumb Code     0  startup_stm32f40_41xxx.o(.text)
    DMA2_Stream1_IRQHandler                  0x080001bb   Thumb Code     0  startup_stm32f40_41xxx.o(.text)
    DMA2_Stream2_IRQHandler                  0x080001bb   Thumb Code     0  startup_stm32f40_41xxx.o(.text)
    DMA2_Stream3_IRQHandler                  0x080001bb   Thumb Code     0  startup_stm32f40_41xxx.o(.text)
    DMA2_Stream4_IRQHandler                  0x080001bb   Thumb Code     0  startup_stm32f40_41xxx.o(.text)
    DMA2_Stream5_IRQHandler                  0x080001bb   Thumb Code     0  startup_stm32f40_41xxx.o(.text)
    DMA2_Stream6_IRQHandler                  0x080001bb   Thumb Code     0  startup_stm32f40_41xxx.o(.text)
    DMA2_Stream7_IRQHandler                  0x080001bb   Thumb Code     0  startup_stm32f40_41xxx.o(.text)
    ETH_IRQHandler                           0x080001bb   Thumb Code     0  startup_stm32f40_41xxx.o(.text)
    ETH_WKUP_IRQHandler                      0x080001bb   Thumb Code     0  startup_stm32f40_41xxx.o(.text)
    EXTI0_IRQHandler                         0x080001bb   Thumb Code     0  startup_stm32f40_41xxx.o(.text)
    EXTI15_10_IRQHandler                     0x080001bb   Thumb Code     0  startup_stm32f40_41xxx.o(.text)
    EXTI1_IRQHandler                         0x080001bb   Thumb Code     0  startup_stm32f40_41xxx.o(.text)
    EXTI2_IRQHandler                         0x080001bb   Thumb Code     0  startup_stm32f40_41xxx.o(.text)
    EXTI3_IRQHandler                         0x080001bb   Thumb Code     0  startup_stm32f40_41xxx.o(.text)
    EXTI4_IRQHandler                         0x080001bb   Thumb Code     0  startup_stm32f40_41xxx.o(.text)
    EXTI9_5_IRQHandler                       0x080001bb   Thumb Code     0  startup_stm32f40_41xxx.o(.text)
    FLASH_IRQHandler                         0x080001bb   Thumb Code     0  startup_stm32f40_41xxx.o(.text)
    FPU_IRQHandler                           0x080001bb   Thumb Code     0  startup_stm32f40_41xxx.o(.text)
    FSMC_IRQHandler                          0x080001bb   Thumb Code     0  startup_stm32f40_41xxx.o(.text)
    HASH_RNG_IRQHandler                      0x080001bb   Thumb Code     0  startup_stm32f40_41xxx.o(.text)
    I2C1_ER_IRQHandler                       0x080001bb   Thumb Code     0  startup_stm32f40_41xxx.o(.text)
    I2C1_EV_IRQHandler                       0x080001bb   Thumb Code     0  startup_stm32f40_41xxx.o(.text)
    I2C2_ER_IRQHandler                       0x080001bb   Thumb Code     0  startup_stm32f40_41xxx.o(.text)
    I2C2_EV_IRQHandler                       0x080001bb   Thumb Code     0  startup_stm32f40_41xxx.o(.text)
    I2C3_ER_IRQHandler                       0x080001bb   Thumb Code     0  startup_stm32f40_41xxx.o(.text)
    I2C3_EV_IRQHandler                       0x080001bb   Thumb Code     0  startup_stm32f40_41xxx.o(.text)
    OTG_FS_IRQHandler                        0x080001bb   Thumb Code     0  startup_stm32f40_41xxx.o(.text)
    OTG_FS_WKUP_IRQHandler                   0x080001bb   Thumb Code     0  startup_stm32f40_41xxx.o(.text)
    OTG_HS_EP1_IN_IRQHandler                 0x080001bb   Thumb Code     0  startup_stm32f40_41xxx.o(.text)
    OTG_HS_EP1_OUT_IRQHandler                0x080001bb   Thumb Code     0  startup_stm32f40_41xxx.o(.text)
    OTG_HS_IRQHandler                        0x080001bb   Thumb Code     0  startup_stm32f40_41xxx.o(.text)
    OTG_HS_WKUP_IRQHandler                   0x080001bb   Thumb Code     0  startup_stm32f40_41xxx.o(.text)
    PVD_IRQHandler                           0x080001bb   Thumb Code     0  startup_stm32f40_41xxx.o(.text)
    RCC_IRQHandler                           0x080001bb   Thumb Code     0  startup_stm32f40_41xxx.o(.text)
    RTC_Alarm_IRQHandler                     0x080001bb   Thumb Code     0  startup_stm32f40_41xxx.o(.text)
    RTC_WKUP_IRQHandler                      0x080001bb   Thumb Code     0  startup_stm32f40_41xxx.o(.text)
    SDIO_IRQHandler                          0x080001bb   Thumb Code     0  startup_stm32f40_41xxx.o(.text)
    SPI1_IRQHandler                          0x080001bb   Thumb Code     0  startup_stm32f40_41xxx.o(.text)
    SPI2_IRQHandler                          0x080001bb   Thumb Code     0  startup_stm32f40_41xxx.o(.text)
    SPI3_IRQHandler                          0x080001bb   Thumb Code     0  startup_stm32f40_41xxx.o(.text)
    TAMP_STAMP_IRQHandler                    0x080001bb   Thumb Code     0  startup_stm32f40_41xxx.o(.text)
    TIM1_BRK_TIM9_IRQHandler                 0x080001bb   Thumb Code     0  startup_stm32f40_41xxx.o(.text)
    TIM1_CC_IRQHandler                       0x080001bb   Thumb Code     0  startup_stm32f40_41xxx.o(.text)
    TIM1_TRG_COM_TIM11_IRQHandler            0x080001bb   Thumb Code     0  startup_stm32f40_41xxx.o(.text)
    TIM1_UP_TIM10_IRQHandler                 0x080001bb   Thumb Code     0  startup_stm32f40_41xxx.o(.text)
    TIM2_IRQHandler                          0x080001bb   Thumb Code     0  startup_stm32f40_41xxx.o(.text)
    TIM3_IRQHandler                          0x080001bb   Thumb Code     0  startup_stm32f40_41xxx.o(.text)
    TIM4_IRQHandler                          0x080001bb   Thumb Code     0  startup_stm32f40_41xxx.o(.text)
    TIM5_IRQHandler                          0x080001bb   Thumb Code     0  startup_stm32f40_41xxx.o(.text)
    TIM6_DAC_IRQHandler                      0x080001bb   Thumb Code     0  startup_stm32f40_41xxx.o(.text)
    TIM7_IRQHandler                          0x080001bb   Thumb Code     0  startup_stm32f40_41xxx.o(.text)
    TIM8_BRK_TIM12_IRQHandler                0x080001bb   Thumb Code     0  startup_stm32f40_41xxx.o(.text)
    TIM8_CC_IRQHandler                       0x080001bb   Thumb Code     0  startup_stm32f40_41xxx.o(.text)
    TIM8_TRG_COM_TIM14_IRQHandler            0x080001bb   Thumb Code     0  startup_stm32f40_41xxx.o(.text)
    TIM8_UP_TIM13_IRQHandler                 0x080001bb   Thumb Code     0  startup_stm32f40_41xxx.o(.text)
    UART4_IRQHandler                         0x080001bb   Thumb Code     0  startup_stm32f40_41xxx.o(.text)
    UART5_IRQHandler                         0x080001bb   Thumb Code     0  startup_stm32f40_41xxx.o(.text)
    USART1_IRQHandler                        0x080001bb   Thumb Code     0  startup_stm32f40_41xxx.o(.text)
    USART2_IRQHandler                        0x080001bb   Thumb Code     0  startup_stm32f40_41xxx.o(.text)
    USART3_IRQHandler                        0x080001bb   Thumb Code     0  startup_stm32f40_41xxx.o(.text)
    USART6_IRQHandler                        0x080001bb   Thumb Code     0  startup_stm32f40_41xxx.o(.text)
    WWDG_IRQHandler                          0x080001bb   Thumb Code     0  startup_stm32f40_41xxx.o(.text)
    strlen                                   0x080001c5   Thumb Code    14  strlen.o(.text)
    __scatterload                            0x080001d5   Thumb Code    28  init.o(.text)
    __scatterload_rt2                        0x080001d5   Thumb Code     0  init.o(.text)
    BusFault_Handler                         0x080001f9   Thumb Code     4  stm32f4xx_it.o(i.BusFault_Handler)
    Buzz_Config                              0x080001fd   Thumb Code    60  led.o(i.Buzz_Config)
    DMA_ClearFlag                            0x0800023d   Thumb Code    38  stm32f4xx_dma.o(i.DMA_ClearFlag)
    DMA_Cmd                                  0x08000271   Thumb Code    22  stm32f4xx_dma.o(i.DMA_Cmd)
    DMA_DeInit                               0x08000289   Thumb Code   324  stm32f4xx_dma.o(i.DMA_DeInit)
    DMA_GetCmdStatus                         0x080003e1   Thumb Code    20  stm32f4xx_dma.o(i.DMA_GetCmdStatus)
    DMA_GetFlagStatus                        0x080003f5   Thumb Code    54  stm32f4xx_dma.o(i.DMA_GetFlagStatus)
    DMA_Init                                 0x08000439   Thumb Code    82  stm32f4xx_dma.o(i.DMA_Init)
    DebugMon_Handler                         0x08000491   Thumb Code     2  stm32f4xx_it.o(i.DebugMon_Handler)
    GPIO_Init                                0x08000493   Thumb Code   144  stm32f4xx_gpio.o(i.GPIO_Init)
    GPIO_PinAFConfig                         0x08000523   Thumb Code    70  stm32f4xx_gpio.o(i.GPIO_PinAFConfig)
    GPIO_ResetBits                           0x08000569   Thumb Code     4  stm32f4xx_gpio.o(i.GPIO_ResetBits)
    GPIO_SetBits                             0x0800056d   Thumb Code     4  stm32f4xx_gpio.o(i.GPIO_SetBits)
    HardFault_Handler                        0x08000571   Thumb Code     4  stm32f4xx_it.o(i.HardFault_Handler)
    LED_Config                               0x08000575   Thumb Code    56  led.o(i.LED_Config)
    MemManage_Handler                        0x080005b1   Thumb Code     4  stm32f4xx_it.o(i.MemManage_Handler)
    NMI_Handler                              0x080005b5   Thumb Code     2  stm32f4xx_it.o(i.NMI_Handler)
    PendSV_Handler                           0x080005b7   Thumb Code     2  stm32f4xx_it.o(i.PendSV_Handler)
    RCC_AHB1PeriphClockCmd                   0x080005b9   Thumb Code    26  stm32f4xx_rcc.o(i.RCC_AHB1PeriphClockCmd)
    RCC_APB1PeriphClockCmd                   0x080005d9   Thumb Code    26  stm32f4xx_rcc.o(i.RCC_APB1PeriphClockCmd)
    SD_DisSelect                             0x080005f9   Thumb Code    16  sdcard.o(i.SD_DisSelect)
    SD_GetCIDRegister                        0x0800060d   Thumb Code   254  sdcard.o(i.SD_GetCIDRegister)
    SD_GetCSDRegister                        0x08000711   Thumb Code   536  sdcard.o(i.SD_GetCSDRegister)
    SD_GetCardInfo                           0x0800092d   Thumb Code   174  sdcard.o(i.SD_GetCardInfo)
    SD_GetDataResponse                       0x080009db   Thumb Code    76  sdcard.o(i.SD_GetDataResponse)
    SD_GetResp                               0x08000a27   Thumb Code    34  sdcard.o(i.SD_GetResp)
    SD_GetResponse                           0x08000a49   Thumb Code    34  sdcard.o(i.SD_GetResponse)
    SD_GoIdleState                           0x08000a6d   Thumb Code    98  sdcard.o(i.SD_GoIdleState)
    SD_Init                                  0x08000ad9   Thumb Code    74  sdcard.o(i.SD_Init)
    SD_ReadBlock                             0x08000b2d   Thumb Code    90  sdcard.o(i.SD_ReadBlock)
    SD_ReadMultiBlocks                       0x08000b91   Thumb Code   128  sdcard.o(i.SD_ReadMultiBlocks)
    SD_RecvData                              0x08000c19   Thumb Code    42  sdcard.o(i.SD_RecvData)
    SD_Select                                0x08000c45   Thumb Code    26  sdcard.o(i.SD_Select)
    SD_SendBlock                             0x08000c65   Thumb Code    66  sdcard.o(i.SD_SendBlock)
    SD_SendCmd                               0x08000ca7   Thumb Code    54  sdcard.o(i.SD_SendCmd)
    SD_Send_ACMD23                           0x08000cdd   Thumb Code    82  sdcard.o(i.SD_Send_ACMD23)
    SD_Send_ACMD41                           0x08000d2f   Thumb Code    80  sdcard.o(i.SD_Send_ACMD41)
    SD_Send_CMD58                            0x08000d81   Thumb Code    72  sdcard.o(i.SD_Send_CMD58)
    SD_Send_CMD8                             0x08000dcd   Thumb Code    70  sdcard.o(i.SD_Send_CMD8)
    SD_WaitReady                             0x08000e13   Thumb Code    34  sdcard.o(i.SD_WaitReady)
    SD_WriteBlock                            0x08000e35   Thumb Code   106  sdcard.o(i.SD_WriteBlock)
    SD_WriteMultiBlocks                      0x08000ea9   Thumb Code   144  sdcard.o(i.SD_WriteMultiBlocks)
    SPI2_DMA_Init                            0x08000f41   Thumb Code   158  spi.o(i.SPI2_DMA_Init)
    SPI2_SDCard_Init                         0x08000fe9   Thumb Code   276  spi.o(i.SPI2_SDCard_Init)
    SPI2_SD_SpeedHigh                        0x08001109   Thumb Code    10  spi.o(i.SPI2_SD_SpeedHigh)
    SPI2_SD_SpeedLow                         0x08001113   Thumb Code    10  spi.o(i.SPI2_SD_SpeedLow)
    SPI_Cmd                                  0x08001145   Thumb Code    24  stm32f4xx_spi.o(i.SPI_Cmd)
    SPI_I2S_DMACmd                           0x0800115d   Thumb Code    18  stm32f4xx_spi.o(i.SPI_I2S_DMACmd)
    SPI_Init                                 0x0800116f   Thumb Code    60  stm32f4xx_spi.o(i.SPI_Init)
    SPI_SDCard_ReadByte                      0x080011ab   Thumb Code    10  spi.o(i.SPI_SDCard_ReadByte)
    SPI_SDCard_SendByte                      0x080011b5   Thumb Code   282  spi.o(i.SPI_SDCard_SendByte)
    SPI_SD_ReadMultiBytes                    0x080012dd   Thumb Code   278  spi.o(i.SPI_SD_ReadMultiBytes)
    SPI_SD_SendMultiBytes                    0x08001401   Thumb Code   146  spi.o(i.SPI_SD_SendMultiBytes)
    SVC_Handler                              0x080014a1   Thumb Code     2  stm32f4xx_it.o(i.SVC_Handler)
    SysTick_CLKSourceConfig                  0x08001591   Thumb Code    40  misc.o(i.SysTick_CLKSourceConfig)
    SysTick_Handler                          0x080015b9   Thumb Code     2  stm32f4xx_it.o(i.SysTick_Handler)
    SystemInit                               0x080015bd   Thumb Code    88  system_stm32f4xx.o(i.SystemInit)
    UsageFault_Handler                       0x08001625   Thumb Code     4  stm32f4xx_it.o(i.UsageFault_Handler)
    __0sprintf$bare                          0x08001629   Thumb Code    32  printfb.o(i.__0sprintf$bare)
    __1sprintf$bare                          0x08001629   Thumb Code     0  printfb.o(i.__0sprintf$bare)
    __2sprintf                               0x08001629   Thumb Code     0  printfb.o(i.__0sprintf$bare)
    __scatterload_copy                       0x0800164d   Thumb Code    14  handlers.o(i.__scatterload_copy)
    __scatterload_null                       0x0800165b   Thumb Code     2  handlers.o(i.__scatterload_null)
    __scatterload_zeroinit                   0x0800165d   Thumb Code    14  handlers.o(i.__scatterload_zeroinit)
    delay_init                               0x08001c91   Thumb Code    52  delay.o(i.delay_init)
    delay_ms                                 0x08001ccd   Thumb Code    56  delay.o(i.delay_ms)
    delay_xms                                0x08001d05   Thumb Code    72  delay.o(i.delay_xms)
    disk_initialize                          0x08002219   Thumb Code    64  diskio.o(i.disk_initialize)
    disk_ioctl                               0x0800225d   Thumb Code    74  diskio.o(i.disk_ioctl)
    disk_read                                0x080022ad   Thumb Code    72  diskio.o(i.disk_read)
    disk_status                              0x080022f5   Thumb Code     6  diskio.o(i.disk_status)
    disk_write                               0x080022fb   Thumb Code    72  diskio.o(i.disk_write)
    f_close                                  0x0800236d   Thumb Code    44  ff.o(i.f_close)
    f_lseek                                  0x08002399   Thumb Code   688  ff.o(i.f_lseek)
    f_mount                                  0x08002649   Thumb Code    86  ff.o(i.f_mount)
    f_open                                   0x080026a5   Thumb Code   588  ff.o(i.f_open)
    f_sync                                   0x080028f1   Thumb Code   160  ff.o(i.f_sync)
    f_write                                  0x08002991   Thumb Code   494  ff.o(i.f_write)
    ff_memalloc                              0x08002b7f   Thumb Code    12  ffsystem.o(i.ff_memalloc)
    ff_memfree                               0x08002b8b   Thumb Code    12  ffsystem.o(i.ff_memfree)
    ff_oem2uni                               0x08002b99   Thumb Code    38  ffunicode.o(i.ff_oem2uni)
    ff_uni2oem                               0x08002bc5   Thumb Code    58  ffunicode.o(i.ff_uni2oem)
    ff_wtoupper                              0x08002c05   Thumb Code   166  ffunicode.o(i.ff_wtoupper)
    free                                     0x08002dcd   Thumb Code    76  malloc.o(i.free)
    get_fattime                              0x08002fc9   Thumb Code     4  diskio.o(i.get_fattime)
    main                                     0x08003189   Thumb Code   266  main.o(i.main)
    malloc                                   0x080032c9   Thumb Code    92  malloc.o(i.malloc)
    Region$$Table$$Base                      0x080045f0   Number         0  anon$$obj.o(Region$$Table)
    Region$$Table$$Limit                     0x08004610   Number         0  anon$$obj.o(Region$$Table)
    fr                                       0x20000000   Data           1  main.o(.data)
    SDType                                   0x20000008   Data           1  sdcard.o(.data)
    __microlib_freelist                      0x2000000c   Data           4  mvars.o(.data)
    __microlib_freelist_initialised          0x20000010   Data           4  mvars.o(.data)
    work                                     0x20000014   Data         512  main.o(.bss)
    sdfs                                     0x20000214   Data         564  main.o(.bss)
    fle                                      0x20000448   Data         560  main.o(.bss)
    wrstr                                    0x20000678   Data        2048  main.o(.bss)
    SDCardInfo                               0x20000ed0   Data          88  sdcard.o(.bss)
    __heap_base                              0x20000f28   Data           0  startup_stm32f40_41xxx.o(HEAP)
    __heap_limit                             0x20001728   Data           0  startup_stm32f40_41xxx.o(HEAP)
    __initial_sp                             0x20001b28   Data           0  startup_stm32f40_41xxx.o(STACK)



==============================================================================

Memory Map of the image

  Image Entry point : 0x08000189

  Load Region LR_IROM1 (Base: 0x08000000, Size: 0x00004624, Max: 0x00100000, ABSOLUTE)

    Execution Region ER_IROM1 (Exec base: 0x08000000, Load base: 0x08000000, Size: 0x00004610, Max: 0x00100000, ABSOLUTE)

    Exec Addr    Load Addr    Size         Type   Attr      Idx    E Section Name        Object

    0x08000000   0x08000000   0x00000188   Data   RO         2021    RESET               startup_stm32f40_41xxx.o
    0x08000188   0x08000188   0x00000000   Code   RO         2026  * .ARM.Collect$$$$00000000  mc_w.l(entry.o)
    0x08000188   0x08000188   0x00000004   Code   RO         2319    .ARM.Collect$$$$00000001  mc_w.l(entry2.o)
    0x0800018c   0x0800018c   0x00000004   Code   RO         2322    .ARM.Collect$$$$00000004  mc_w.l(entry5.o)
    0x08000190   0x08000190   0x00000000   Code   RO         2324    .ARM.Collect$$$$00000008  mc_w.l(entry7b.o)
    0x08000190   0x08000190   0x00000000   Code   RO         2326    .ARM.Collect$$$$0000000A  mc_w.l(entry8b.o)
    0x08000190   0x08000190   0x00000008   Code   RO         2327    .ARM.Collect$$$$0000000B  mc_w.l(entry9a.o)
    0x08000198   0x08000198   0x00000004   Code   RO         2334    .ARM.Collect$$$$0000000E  mc_w.l(entry12b.o)
    0x0800019c   0x0800019c   0x00000000   Code   RO         2329    .ARM.Collect$$$$0000000F  mc_w.l(entry10a.o)
    0x0800019c   0x0800019c   0x00000000   Code   RO         2331    .ARM.Collect$$$$00000011  mc_w.l(entry11a.o)
    0x0800019c   0x0800019c   0x00000004   Code   RO         2320    .ARM.Collect$$$$00002712  mc_w.l(entry2.o)
    0x080001a0   0x080001a0   0x00000024   Code   RO         2022    .text               startup_stm32f40_41xxx.o
    0x080001c4   0x080001c4   0x0000000e   Code   RO         2029    .text               mc_w.l(strlen.o)
    0x080001d2   0x080001d2   0x00000002   PAD
    0x080001d4   0x080001d4   0x00000024   Code   RO         2359    .text               mc_w.l(init.o)
    0x080001f8   0x080001f8   0x00000004   Code   RO          169    i.BusFault_Handler  stm32f4xx_it.o
    0x080001fc   0x080001fc   0x00000040   Code   RO          865    i.Buzz_Config       led.o
    0x0800023c   0x0800023c   0x00000034   Code   RO         1181    i.DMA_ClearFlag     stm32f4xx_dma.o
    0x08000270   0x08000270   0x00000016   Code   RO         1183    i.DMA_Cmd           stm32f4xx_dma.o
    0x08000286   0x08000286   0x00000002   PAD
    0x08000288   0x08000288   0x00000158   Code   RO         1184    i.DMA_DeInit        stm32f4xx_dma.o
    0x080003e0   0x080003e0   0x00000014   Code   RO         1188    i.DMA_GetCmdStatus  stm32f4xx_dma.o
    0x080003f4   0x080003f4   0x00000044   Code   RO         1192    i.DMA_GetFlagStatus  stm32f4xx_dma.o
    0x08000438   0x08000438   0x00000058   Code   RO         1195    i.DMA_Init          stm32f4xx_dma.o
    0x08000490   0x08000490   0x00000002   Code   RO          170    i.DebugMon_Handler  stm32f4xx_it.o
    0x08000492   0x08000492   0x00000090   Code   RO         1314    i.GPIO_Init         stm32f4xx_gpio.o
    0x08000522   0x08000522   0x00000046   Code   RO         1315    i.GPIO_PinAFConfig  stm32f4xx_gpio.o
    0x08000568   0x08000568   0x00000004   Code   RO         1321    i.GPIO_ResetBits    stm32f4xx_gpio.o
    0x0800056c   0x0800056c   0x00000004   Code   RO         1322    i.GPIO_SetBits      stm32f4xx_gpio.o
    0x08000570   0x08000570   0x00000004   Code   RO          171    i.HardFault_Handler  stm32f4xx_it.o
    0x08000574   0x08000574   0x0000003c   Code   RO          866    i.LED_Config        led.o
    0x080005b0   0x080005b0   0x00000004   Code   RO          172    i.MemManage_Handler  stm32f4xx_it.o
    0x080005b4   0x080005b4   0x00000002   Code   RO          173    i.NMI_Handler       stm32f4xx_it.o
    0x080005b6   0x080005b6   0x00000002   Code   RO          174    i.PendSV_Handler    stm32f4xx_it.o
    0x080005b8   0x080005b8   0x00000020   Code   RO         1415    i.RCC_AHB1PeriphClockCmd  stm32f4xx_rcc.o
    0x080005d8   0x080005d8   0x00000020   Code   RO         1424    i.RCC_APB1PeriphClockCmd  stm32f4xx_rcc.o
    0x080005f8   0x080005f8   0x00000014   Code   RO          969    i.SD_DisSelect      sdcard.o
    0x0800060c   0x0800060c   0x00000104   Code   RO          970    i.SD_GetCIDRegister  sdcard.o
    0x08000710   0x08000710   0x0000021c   Code   RO          971    i.SD_GetCSDRegister  sdcard.o
    0x0800092c   0x0800092c   0x000000ae   Code   RO          972    i.SD_GetCardInfo    sdcard.o
    0x080009da   0x080009da   0x0000004c   Code   RO          973    i.SD_GetDataResponse  sdcard.o
    0x08000a26   0x08000a26   0x00000022   Code   RO          974    i.SD_GetResp        sdcard.o
    0x08000a48   0x08000a48   0x00000022   Code   RO          975    i.SD_GetResponse    sdcard.o
    0x08000a6a   0x08000a6a   0x00000002   PAD
    0x08000a6c   0x08000a6c   0x0000006c   Code   RO          977    i.SD_GoIdleState    sdcard.o
    0x08000ad8   0x08000ad8   0x00000054   Code   RO          978    i.SD_Init           sdcard.o
    0x08000b2c   0x08000b2c   0x00000064   Code   RO          979    i.SD_ReadBlock      sdcard.o
    0x08000b90   0x08000b90   0x00000088   Code   RO          980    i.SD_ReadMultiBlocks  sdcard.o
    0x08000c18   0x08000c18   0x0000002a   Code   RO          981    i.SD_RecvData       sdcard.o
    0x08000c42   0x08000c42   0x00000002   PAD
    0x08000c44   0x08000c44   0x00000020   Code   RO          982    i.SD_Select         sdcard.o
    0x08000c64   0x08000c64   0x00000042   Code   RO          983    i.SD_SendBlock      sdcard.o
    0x08000ca6   0x08000ca6   0x00000036   Code   RO          984    i.SD_SendCmd        sdcard.o
    0x08000cdc   0x08000cdc   0x00000052   Code   RO          985    i.SD_Send_ACMD23    sdcard.o
    0x08000d2e   0x08000d2e   0x00000050   Code   RO          986    i.SD_Send_ACMD41    sdcard.o
    0x08000d7e   0x08000d7e   0x00000002   PAD
    0x08000d80   0x08000d80   0x0000004c   Code   RO          987    i.SD_Send_CMD58     sdcard.o
    0x08000dcc   0x08000dcc   0x00000046   Code   RO          988    i.SD_Send_CMD8      sdcard.o
    0x08000e12   0x08000e12   0x00000022   Code   RO          989    i.SD_WaitReady      sdcard.o
    0x08000e34   0x08000e34   0x00000074   Code   RO          990    i.SD_WriteBlock     sdcard.o
    0x08000ea8   0x08000ea8   0x00000098   Code   RO          991    i.SD_WriteMultiBlocks  sdcard.o
    0x08000f40   0x08000f40   0x000000a8   Code   RO          895    i.SPI2_DMA_Init     spi.o
    0x08000fe8   0x08000fe8   0x00000120   Code   RO          896    i.SPI2_SDCard_Init  spi.o
    0x08001108   0x08001108   0x0000000a   Code   RO          897    i.SPI2_SD_SpeedHigh  spi.o
    0x08001112   0x08001112   0x0000000a   Code   RO          898    i.SPI2_SD_SpeedLow  spi.o
    0x0800111c   0x0800111c   0x00000028   Code   RO          899    i.SPI2_SetSpeed     spi.o
    0x08001144   0x08001144   0x00000018   Code   RO         1759    i.SPI_Cmd           stm32f4xx_spi.o
    0x0800115c   0x0800115c   0x00000012   Code   RO         1765    i.SPI_I2S_DMACmd    stm32f4xx_spi.o
    0x0800116e   0x0800116e   0x0000003c   Code   RO         1772    i.SPI_Init          stm32f4xx_spi.o
    0x080011aa   0x080011aa   0x0000000a   Code   RO          900    i.SPI_SDCard_ReadByte  spi.o
    0x080011b4   0x080011b4   0x00000128   Code   RO          901    i.SPI_SDCard_SendByte  spi.o
    0x080012dc   0x080012dc   0x00000124   Code   RO          902    i.SPI_SD_ReadMultiBytes  spi.o
    0x08001400   0x08001400   0x000000a0   Code   RO          903    i.SPI_SD_SendMultiBytes  spi.o
    0x080014a0   0x080014a0   0x00000002   Code   RO          175    i.SVC_Handler       stm32f4xx_it.o
    0x080014a2   0x080014a2   0x00000002   PAD
    0x080014a4   0x080014a4   0x000000ec   Code   RO         1981    i.SetSysClock       system_stm32f4xx.o
    0x08001590   0x08001590   0x00000028   Code   RO         1137    i.SysTick_CLKSourceConfig  misc.o
    0x080015b8   0x080015b8   0x00000002   Code   RO          176    i.SysTick_Handler   stm32f4xx_it.o
    0x080015ba   0x080015ba   0x00000002   PAD
    0x080015bc   0x080015bc   0x00000068   Code   RO         1983    i.SystemInit        system_stm32f4xx.o
    0x08001624   0x08001624   0x00000004   Code   RO          177    i.UsageFault_Handler  stm32f4xx_it.o
    0x08001628   0x08001628   0x00000024   Code   RO         2034    i.__0sprintf$bare   mc_w.l(printfb.o)
    0x0800164c   0x0800164c   0x0000000e   Code   RO         2373    i.__scatterload_copy  mc_w.l(handlers.o)
    0x0800165a   0x0800165a   0x00000002   Code   RO         2374    i.__scatterload_null  mc_w.l(handlers.o)
    0x0800165c   0x0800165c   0x0000000e   Code   RO         2375    i.__scatterload_zeroinit  mc_w.l(handlers.o)
    0x0800166a   0x0800166a   0x00000022   Code   RO         2039    i._printf_core      mc_w.l(printfb.o)
    0x0800168c   0x0800168c   0x0000000a   Code   RO         2041    i._sputc            mc_w.l(printfb.o)
    0x08001696   0x08001696   0x00000002   PAD
    0x08001698   0x08001698   0x00000080   Code   RO          298    i.check_fs          ff.o
    0x08001718   0x08001718   0x00000014   Code   RO          299    i.chk_chr           ff.o
    0x0800172c   0x0800172c   0x0000007c   Code   RO          300    i.chk_lock          ff.o
    0x080017a8   0x080017a8   0x00000028   Code   RO          301    i.clear_lock        ff.o
    0x080017d0   0x080017d0   0x00000032   Code   RO          302    i.clmt_clust        ff.o
    0x08001802   0x08001802   0x0000001a   Code   RO          303    i.clst2sect         ff.o
    0x0800181c   0x0800181c   0x00000098   Code   RO          304    i.cmp_lfn           ff.o
    0x080018b4   0x080018b4   0x00000120   Code   RO          305    i.create_chain      ff.o
    0x080019d4   0x080019d4   0x00000260   Code   RO          306    i.create_name       ff.o
    0x08001c34   0x08001c34   0x0000000c   Code   RO          308    i.dbc_1st           ff.o
    0x08001c40   0x08001c40   0x0000000c   Code   RO          309    i.dbc_2nd           ff.o
    0x08001c4c   0x08001c4c   0x00000044   Code   RO          310    i.dec_lock          ff.o
    0x08001c90   0x08001c90   0x0000003c   Code   RO          799    i.delay_init        delay.o
    0x08001ccc   0x08001ccc   0x00000038   Code   RO          800    i.delay_ms          delay.o
    0x08001d04   0x08001d04   0x0000004c   Code   RO          802    i.delay_xms         delay.o
    0x08001d50   0x08001d50   0x00000060   Code   RO          311    i.dir_alloc         ff.o
    0x08001db0   0x08001db0   0x000000c6   Code   RO          312    i.dir_clear         ff.o
    0x08001e76   0x08001e76   0x000000fc   Code   RO          313    i.dir_find          ff.o
    0x08001f72   0x08001f72   0x000000ca   Code   RO          314    i.dir_next          ff.o
    0x0800203c   0x0800203c   0x00000142   Code   RO          316    i.dir_register      ff.o
    0x0800217e   0x0800217e   0x0000009a   Code   RO          318    i.dir_sdi           ff.o
    0x08002218   0x08002218   0x00000044   Code   RO          244    i.disk_initialize   diskio.o
    0x0800225c   0x0800225c   0x00000050   Code   RO          245    i.disk_ioctl        diskio.o
    0x080022ac   0x080022ac   0x00000048   Code   RO          246    i.disk_read         diskio.o
    0x080022f4   0x080022f4   0x00000006   Code   RO          247    i.disk_status       diskio.o
    0x080022fa   0x080022fa   0x00000048   Code   RO          248    i.disk_write        diskio.o
    0x08002342   0x08002342   0x00000002   PAD
    0x08002344   0x08002344   0x00000028   Code   RO          319    i.enq_lock          ff.o
    0x0800236c   0x0800236c   0x0000002c   Code   RO          321    i.f_close           ff.o
    0x08002398   0x08002398   0x000002b0   Code   RO          328    i.f_lseek           ff.o
    0x08002648   0x08002648   0x0000005c   Code   RO          331    i.f_mount           ff.o
    0x080026a4   0x080026a4   0x0000024c   Code   RO          332    i.f_open            ff.o
    0x080028f0   0x080028f0   0x000000a0   Code   RO          342    i.f_sync            ff.o
    0x08002990   0x08002990   0x000001ee   Code   RO          346    i.f_write           ff.o
    0x08002b7e   0x08002b7e   0x0000000c   Code   RO          749    i.ff_memalloc       ffsystem.o
    0x08002b8a   0x08002b8a   0x0000000c   Code   RO          750    i.ff_memfree        ffsystem.o
    0x08002b96   0x08002b96   0x00000002   PAD
    0x08002b98   0x08002b98   0x0000002c   Code   RO          770    i.ff_oem2uni        ffunicode.o
    0x08002bc4   0x08002bc4   0x00000040   Code   RO          771    i.ff_uni2oem        ffunicode.o
    0x08002c04   0x08002c04   0x000000b0   Code   RO          772    i.ff_wtoupper       ffunicode.o
    0x08002cb4   0x08002cb4   0x00000078   Code   RO          347    i.find_volume       ff.o
    0x08002d2c   0x08002d2c   0x0000009e   Code   RO          348    i.follow_path       ff.o
    0x08002dca   0x08002dca   0x00000002   PAD
    0x08002dcc   0x08002dcc   0x00000050   Code   RO         2291    i.free              mc_w.l(malloc.o)
    0x08002e1c   0x08002e1c   0x000000cc   Code   RO          349    i.gen_numname       ff.o
    0x08002ee8   0x08002ee8   0x000000e0   Code   RO          351    i.get_fat           ff.o
    0x08002fc8   0x08002fc8   0x00000004   Code   RO          249    i.get_fattime       diskio.o
    0x08002fcc   0x08002fcc   0x000000b4   Code   RO          353    i.get_ldnumber      ff.o
    0x08003080   0x08003080   0x000000bc   Code   RO          354    i.inc_lock          ff.o
    0x0800313c   0x0800313c   0x00000026   Code   RO          355    i.ld_clust          ff.o
    0x08003162   0x08003162   0x00000018   Code   RO          356    i.ld_dword          ff.o
    0x0800317a   0x0800317a   0x0000000c   Code   RO          357    i.ld_word           ff.o
    0x08003186   0x08003186   0x00000002   PAD
    0x08003188   0x08003188   0x00000140   Code   RO            4    i.main              main.o
    0x080032c8   0x080032c8   0x0000006c   Code   RO         2292    i.malloc            mc_w.l(malloc.o)
    0x08003334   0x08003334   0x00000024   Code   RO          358    i.mem_cmp           ff.o
    0x08003358   0x08003358   0x0000001a   Code   RO          359    i.mem_cpy           ff.o
    0x08003372   0x08003372   0x00000012   Code   RO          360    i.mem_set           ff.o
    0x08003384   0x08003384   0x000002ac   Code   RO          361    i.mount_volume      ff.o
    0x08003630   0x08003630   0x00000034   Code   RO          362    i.move_window       ff.o
    0x08003664   0x08003664   0x00000138   Code   RO          365    i.put_fat           ff.o
    0x0800379c   0x0800379c   0x00000080   Code   RO          366    i.put_lfn           ff.o
    0x0800381c   0x0800381c   0x0000009a   Code   RO          371    i.remove_chain      ff.o
    0x080038b6   0x080038b6   0x00000024   Code   RO          372    i.st_clust          ff.o
    0x080038da   0x080038da   0x00000018   Code   RO          373    i.st_dword          ff.o
    0x080038f2   0x080038f2   0x0000000c   Code   RO          374    i.st_word           ff.o
    0x080038fe   0x080038fe   0x00000020   Code   RO          375    i.sum_sfn           ff.o
    0x0800391e   0x0800391e   0x00000002   PAD
    0x08003920   0x08003920   0x00000090   Code   RO          376    i.sync_fs           ff.o
    0x080039b0   0x080039b0   0x0000004a   Code   RO          377    i.sync_window       ff.o
    0x080039fa   0x080039fa   0x0000004c   Code   RO          378    i.tchar2uni         ff.o
    0x08003a46   0x08003a46   0x0000003c   Code   RO          379    i.validate          ff.o
    0x08003a82   0x08003a82   0x00000002   PAD
    0x08003a84   0x08003a84   0x000000f0   Data   RO          381    .constdata          ff.o
    0x08003b74   0x08003b74   0x000003ae   Data   RO          773    .constdata          ffunicode.o
    0x08003f22   0x08003f22   0x00000002   PAD
    0x08003f24   0x08003f24   0x0000000a   Data   RO          993    .constdata          sdcard.o
    0x08003f2e   0x08003f2e   0x00000002   PAD
    0x08003f30   0x08003f30   0x00000691   Data   RO            6    .conststring        main.o
    0x080045c1   0x080045c1   0x00000003   PAD
    0x080045c4   0x080045c4   0x0000002c   Data   RO          382    .conststring        ff.o
    0x080045f0   0x080045f0   0x00000020   Data   RO         2371    Region$$Table       anon$$obj.o


    Execution Region RW_IRAM1 (Exec base: 0x20000000, Load base: 0x08004610, Size: 0x00001b28, Max: 0x00020000, ABSOLUTE)

    Exec Addr    Load Addr    Size         Type   Attr      Idx    E Section Name        Object

    0x20000000   0x08004610   0x00000001   Data   RW            7    .data               main.o
    0x20000001   0x08004611   0x00000001   PAD
    0x20000002   0x08004612   0x00000002   Data   RW          383    .data               ff.o
    0x20000004   0x08004614   0x00000004   Data   RW          803    .data               delay.o
    0x20000008   0x08004618   0x00000001   Data   RW          994    .data               sdcard.o
    0x20000009   0x08004619   0x00000003   PAD
    0x2000000c   0x0800461c   0x00000004   Data   RW         2346    .data               mc_w.l(mvars.o)
    0x20000010   0x08004620   0x00000004   Data   RW         2347    .data               mc_w.l(mvars.o)
    0x20000014        -       0x00000e64   Zero   RW            5    .bss                main.o
    0x20000e78        -       0x00000054   Zero   RW          380    .bss                ff.o
    0x20000ecc   0x08004624   0x00000004   PAD
    0x20000ed0        -       0x00000058   Zero   RW          992    .bss                sdcard.o
    0x20000f28        -       0x00000800   Zero   RW         2020    HEAP                startup_stm32f40_41xxx.o
    0x20001728        -       0x00000400   Zero   RW         2019    STACK               startup_stm32f40_41xxx.o


==============================================================================

Image component sizes


      Code (inc. data)   RO Data    RW Data    ZI Data      Debug   Object Name

       192         12          0          4          0       1904   delay.o
       302         10          0          0          0       4360   diskio.o
      7874        120        284          2         84      59760   ff.o
        24          0          0          0          0       1103   ffsystem.o
       284         32        942          0          0       2840   ffunicode.o
       124          8          0          0          0       1055   led.o
       320         54       1681          1       3684     276996   main.o
        40          0          0          0          0        590   misc.o
      2370         80         10          1         88      18482   sdcard.o
      1274         68          0          0          0       6222   spi.o
        36          8        392          0       3072        880   startup_stm32f40_41xxx.o
       594         54          0          0          0       5565   stm32f4xx_dma.o
       222          0          0          0          0       3283   stm32f4xx_gpio.o
        26          0          0          0          0       4238   stm32f4xx_it.o
        64         12          0          0          0       1282   stm32f4xx_rcc.o
       102          0          0          0          0       2698   stm32f4xx_spi.o
       340         32          0          0          0       1769   system_stm32f4xx.o

    ----------------------------------------------------------------------
     14212        490       3348         12       6932     393027   Object Totals
         0          0         32          0          0          0   (incl. Generated)
        24          0          7          4          4          0   (incl. Padding)

    ----------------------------------------------------------------------

      Code (inc. data)   RO Data    RW Data    ZI Data      Debug   Library Member Name

         0          0          0          0          0          0   entry.o
         0          0          0          0          0          0   entry10a.o
         0          0          0          0          0          0   entry11a.o
         4          0          0          0          0          0   entry12b.o
         8          4          0          0          0          0   entry2.o
         4          0          0          0          0          0   entry5.o
         0          0          0          0          0          0   entry7b.o
         0          0          0          0          0          0   entry8b.o
         8          4          0          0          0          0   entry9a.o
        30          0          0          0          0          0   handlers.o
        36          8          0          0          0         68   init.o
       188         20          0          0          0        160   malloc.o
         0          0          0          8          0          0   mvars.o
        80          4          0          0          0        236   printfb.o
        14          0          0          0          0         68   strlen.o

    ----------------------------------------------------------------------
       376         40          0          8          0        532   Library Totals
         4          0          0          0          0          0   (incl. Padding)

    ----------------------------------------------------------------------

      Code (inc. data)   RO Data    RW Data    ZI Data      Debug   Library Name

       372         40          0          8          0        532   mc_w.l

    ----------------------------------------------------------------------
       376         40          0          8          0        532   Library Totals

    ----------------------------------------------------------------------

==============================================================================


      Code (inc. data)   RO Data    RW Data    ZI Data      Debug   

     14588        530       3348         20       6932     381707   Grand Totals
     14588        530       3348         20       6932     381707   ELF Image Totals
     14588        530       3348         20          0          0   ROM Totals

==============================================================================

    Total RO  Size (Code + RO Data)                17936 (  17.52kB)
    Total RW  Size (RW Data + ZI Data)              6952 (   6.79kB)
    Total ROM Size (Code + RO Data + RW Data)      17956 (  17.54kB)

==============================================================================

